Archive member included to satisfy reference by file (symbol)

/usr/lib/gcc/arm-none-eabi/10.3.1/thumb/v6-m/nofp/libgcc.a(_dvmd_tls.o)
                              CMakeFiles/picosim.dir/home/udo/work/raspberry/pico/pico-sdk/src/rp2_common/pico_divider/divider.S.obj (__aeabi_idiv0)
/usr/lib/gcc/arm-none-eabi/10.3.1/../../../arm-none-eabi/lib/thumb/v6-m/nofp/libc.a(lib_a-atexit.o)
                              /usr/lib/gcc/arm-none-eabi/10.3.1/../../../arm-none-eabi/lib/thumb/v6-m/nofp/crt0.o (atexit)
/usr/lib/gcc/arm-none-eabi/10.3.1/../../../arm-none-eabi/lib/thumb/v6-m/nofp/libc.a(lib_a-atoi.o)
                              CMakeFiles/picosim.dir/config.c.obj (atoi)
/usr/lib/gcc/arm-none-eabi/10.3.1/../../../arm-none-eabi/lib/thumb/v6-m/nofp/libc.a(lib_a-calloc.o)
                              CMakeFiles/picosim.dir/home/udo/work/raspberry/pico/pico-sdk/src/rp2_common/pico_malloc/pico_malloc.c.obj (calloc)
/usr/lib/gcc/arm-none-eabi/10.3.1/../../../arm-none-eabi/lib/thumb/v6-m/nofp/libc.a(lib_a-callocr.o)
                              /usr/lib/gcc/arm-none-eabi/10.3.1/../../../arm-none-eabi/lib/thumb/v6-m/nofp/libc.a(lib_a-calloc.o) (_calloc_r)
/usr/lib/gcc/arm-none-eabi/10.3.1/../../../arm-none-eabi/lib/thumb/v6-m/nofp/libc.a(lib_a-ctype_.o)
                              CMakeFiles/picosim.dir/home/udo/work/z80pack/z80core/simcore.c.obj (_ctype_)
/usr/lib/gcc/arm-none-eabi/10.3.1/../../../arm-none-eabi/lib/thumb/v6-m/nofp/libc.a(lib_a-errno.o)
                              CMakeFiles/picosim.dir/no-OS-FatFS-SD-SDIO-SPI-RPi-Pico/src/src/ff_stdio.c.obj (__errno)
/usr/lib/gcc/arm-none-eabi/10.3.1/../../../arm-none-eabi/lib/thumb/v6-m/nofp/libc.a(lib_a-fflush.o)
                              CMakeFiles/picosim.dir/no-OS-FatFS-SD-SDIO-SPI-RPi-Pico/src/src/my_debug.c.obj (fflush)
/usr/lib/gcc/arm-none-eabi/10.3.1/../../../arm-none-eabi/lib/thumb/v6-m/nofp/libc.a(lib_a-findfp.o)
                              /usr/lib/gcc/arm-none-eabi/10.3.1/../../../arm-none-eabi/lib/thumb/v6-m/nofp/libc.a(lib_a-fflush.o) (__sinit)
/usr/lib/gcc/arm-none-eabi/10.3.1/../../../arm-none-eabi/lib/thumb/v6-m/nofp/libc.a(lib_a-fini.o)
                              /usr/lib/gcc/arm-none-eabi/10.3.1/../../../arm-none-eabi/lib/thumb/v6-m/nofp/crt0.o (__libc_fini_array)
/usr/lib/gcc/arm-none-eabi/10.3.1/../../../arm-none-eabi/lib/thumb/v6-m/nofp/libc.a(lib_a-freer.o)
                              /usr/lib/gcc/arm-none-eabi/10.3.1/../../../arm-none-eabi/lib/thumb/v6-m/nofp/libc.a(lib_a-fflush.o) (_free_r)
/usr/lib/gcc/arm-none-eabi/10.3.1/../../../arm-none-eabi/lib/thumb/v6-m/nofp/libc.a(lib_a-fwalk.o)
                              /usr/lib/gcc/arm-none-eabi/10.3.1/../../../arm-none-eabi/lib/thumb/v6-m/nofp/libc.a(lib_a-findfp.o) (_fwalk)
/usr/lib/gcc/arm-none-eabi/10.3.1/../../../arm-none-eabi/lib/thumb/v6-m/nofp/libc.a(lib_a-impure.o)
                              /usr/lib/gcc/arm-none-eabi/10.3.1/../../../arm-none-eabi/lib/thumb/v6-m/nofp/libc.a(lib_a-fflush.o) (_global_impure_ptr)
/usr/lib/gcc/arm-none-eabi/10.3.1/../../../arm-none-eabi/lib/thumb/v6-m/nofp/libc.a(lib_a-init.o)
                              /usr/lib/gcc/arm-none-eabi/10.3.1/../../../arm-none-eabi/lib/thumb/v6-m/nofp/crt0.o (__libc_init_array)
/usr/lib/gcc/arm-none-eabi/10.3.1/../../../arm-none-eabi/lib/thumb/v6-m/nofp/libc.a(lib_a-lcltime_r.o)
                              CMakeFiles/picosim.dir/no-OS-FatFS-SD-SDIO-SPI-RPi-Pico/src/src/crash.c.obj (localtime_r)
/usr/lib/gcc/arm-none-eabi/10.3.1/../../../arm-none-eabi/lib/thumb/v6-m/nofp/libc.a(lib_a-malloc.o)
                              CMakeFiles/picosim.dir/home/udo/work/raspberry/pico/pico-sdk/src/rp2_common/pico_malloc/pico_malloc.c.obj (malloc)
/usr/lib/gcc/arm-none-eabi/10.3.1/../../../arm-none-eabi/lib/thumb/v6-m/nofp/libc.a(lib_a-mallocr.o)
                              /usr/lib/gcc/arm-none-eabi/10.3.1/../../../arm-none-eabi/lib/thumb/v6-m/nofp/libc.a(lib_a-callocr.o) (_malloc_r)
/usr/lib/gcc/arm-none-eabi/10.3.1/../../../arm-none-eabi/lib/thumb/v6-m/nofp/libc.a(lib_a-memcmp.o)
                              CMakeFiles/picosim.dir/no-OS-FatFS-SD-SDIO-SPI-RPi-Pico/src/ff15/source/ff.c.obj (memcmp)
/usr/lib/gcc/arm-none-eabi/10.3.1/../../../arm-none-eabi/lib/thumb/v6-m/nofp/libc.a(lib_a-mktime.o)
                              CMakeFiles/picosim.dir/no-OS-FatFS-SD-SDIO-SPI-RPi-Pico/src/src/rtc.c.obj (mktime)
/usr/lib/gcc/arm-none-eabi/10.3.1/../../../arm-none-eabi/lib/thumb/v6-m/nofp/libc.a(lib_a-mlock.o)
                              /usr/lib/gcc/arm-none-eabi/10.3.1/../../../arm-none-eabi/lib/thumb/v6-m/nofp/libc.a(lib_a-freer.o) (__malloc_lock)
/usr/lib/gcc/arm-none-eabi/10.3.1/../../../arm-none-eabi/lib/thumb/v6-m/nofp/libc.a(lib_a-month_lengths.o)
                              /usr/lib/gcc/arm-none-eabi/10.3.1/../../../arm-none-eabi/lib/thumb/v6-m/nofp/libc.a(lib_a-lcltime_r.o) (__month_lengths)
/usr/lib/gcc/arm-none-eabi/10.3.1/../../../arm-none-eabi/lib/thumb/v6-m/nofp/libc.a(lib_a-rand.o)
[...]
Memory Configuration

Name             Origin             Length             Attributes
FLASH            0x0000000010000000 0x0000000000200000 xr
RAM              0x0000000020000000 0x0000000000040000 xrw
SCRATCH_X        0x0000000020040000 0x0000000000001000 xrw
SCRATCH_Y        0x0000000020041000 0x0000000000001000 xrw
*default*        0x0000000000000000 0xffffffffffffffff

Linker script and memory map

LOAD /usr/lib/gcc/arm-none-eabi/10.3.1/thumb/v6-m/nofp/crti.o
LOAD /usr/lib/gcc/arm-none-eabi/10.3.1/thumb/v6-m/nofp/crtbegin.o
LOAD /usr/lib/gcc/arm-none-eabi/10.3.1/../../../arm-none-eabi/lib/thumb/v6-m/nofp/crt0.o

.flash_begin    0x0000000010000000        0x0
                0x0000000010000000                __flash_binary_start = .

.boot2          0x0000000010000000      0x100
                0x0000000010000000                __boot2_start__ = .
 *(.boot2)
 .boot2         0x0000000010000000      0x100 /tmp/ccuGdExf.o
                0x0000000010000100                __boot2_end__ = .
                0x0000000000000001                ASSERT (((__boot2_end__ - __boot2_start__) == 0x100), ERROR: Pico second stage bootloader must be 256 bytes in size)

.text           0x0000000010000100    0x27938
                0x0000000010000100                __logical_binary_start = .
 *(.vectors)
 .vectors       0x0000000010000100       0xd4 CMakeFiles/picosim.dir/home/udo/work/raspberry/pico/pico-sdk/src/rp2_common/pico_standard_link/crt0.S.obj
                0x0000000010000100                __vectors
                0x0000000010000100                __VECTOR_TABLE
                0x00000000100001c0                isr_invalid
                0x00000000100001c0                __default_isrs_start
                0x00000000100001c2                NMI_Handler
                0x00000000100001c6                SVC_Handler
                0x00000000100001c8                PendSV_Handler
                0x00000000100001ca                SysTick_Handler
                0x00000000100001cc                TIMER_IRQ_1_Handler
                0x00000000100001cc                TIMER_IRQ_3_Handler
                0x00000000100001cc                isr_irq30
                0x00000000100001cc                UART0_IRQ_Handler
                0x00000000100001cc                __unhandled_user_irq
                0x00000000100001cc                IO_IRQ_BANK0_Handler
                0x00000000100001cc                PIO0_IRQ_0_Handler
                0x00000000100001cc                USBCTRL_IRQ_Handler
                0x00000000100001cc                SPI1_IRQ_Handler
                0x00000000100001cc                isr_irq27
                0x00000000100001cc                isr_irq31
                0x00000000100001cc                PIO1_IRQ_1_Handler
                0x00000000100001cc                DMA_IRQ_1_Handler
                0x00000000100001cc                I2C1_IRQ_Handler
                0x00000000100001cc                SPI0_IRQ_Handler
                0x00000000100001cc                isr_irq28
                0x00000000100001cc                PIO0_IRQ_1_Handler
                0x00000000100001cc                I2C0_IRQ_Handler
                0x00000000100001cc                SIO_IRQ_PROC1_Handler
                0x00000000100001cc                TIMER_IRQ_0_Handler
                0x00000000100001cc                UART1_IRQ_Handler
                0x00000000100001cc                DMA_IRQ_0_Handler
                0x00000000100001cc                RTC_IRQ_Handler
                0x00000000100001cc                TIMER_IRQ_2_Handler
                0x00000000100001cc                CLOCKS_IRQ_Handler
                0x00000000100001cc                PIO1_IRQ_0_Handler
                0x00000000100001cc                ADC_IRQ_FIFO_Handler
                0x00000000100001cc                IO_IRQ_QSPI_Handler
                0x00000000100001cc                SIO_IRQ_PROC0_Handler
                0x00000000100001cc                XIP_IRQ_Handler
                0x00000000100001cc                isr_irq29
                0x00000000100001cc                isr_irq26
                0x00000000100001cc                __default_isrs_end
                0x00000000100001cc                PWM_IRQ_WRAP_Handler
                0x00000000100001d2                unhandled_user_irq_num_in_r0
 *(.binary_info_header)
 .binary_info_header
                0x00000000100001d4       0x14 CMakeFiles/picosim.dir/home/udo/work/raspberry/pico/pico-sdk/src/rp2_common/pico_standard_link/crt0.S.obj
                0x00000000100001e8                __binary_info_header_end = .
 *(.reset)
 .reset         0x00000000100001e8       0xa0 CMakeFiles/picosim.dir/home/udo/work/raspberry/pico/pico-sdk/src/rp2_common/pico_standard_link/crt0.S.obj
                0x00000000100001e8                _entry_point
 .reset         0x0000000010000288       0x30 CMakeFiles/picosim.dir/home/udo/work/raspberry/pico/pico-sdk/src/rp2_common/pico_standard_link/binary_info.c.obj
 *(.init)
 .init          0x00000000100002b8        0x4 /usr/lib/gcc/arm-none-eabi/10.3.1/thumb/v6-m/nofp/crti.o
                0x00000000100002b8                _init
 *(EXCLUDE_FILE(*libm.a: *libc.a:*lib_a-mem*.o *libgcc.a:) .text*)
 .text          0x00000000100002bc       0x98 /usr/lib/gcc/arm-none-eabi/10.3.1/thumb/v6-m/nofp/crtbegin.o
 .text.gpio_callback
                0x0000000010000354       0x18 CMakeFiles/picosim.dir/picosim.c.obj
                0x0000000010000354                gpio_callback
 .text.startup.main
                0x000000001000036c      0x174 CMakeFiles/picosim.dir/picosim.c.obj
                0x000000001000036c                main
 .text.get_clock_us
                0x00000000100004e0        0x8 CMakeFiles/picosim.dir/picosim.c.obj
                0x00000000100004e0                get_clock_us
 .text.get_cmdline
                0x00000000100004e8       0x60 CMakeFiles/picosim.dir/picosim.c.obj
                0x00000000100004e8                get_cmdline
 .text.init_cpu
                0x0000000010000548      0x1b4 CMakeFiles/picosim.dir/home/udo/work/z80pack/z80core/simcore.c.obj
                0x0000000010000548                init_cpu
 .text.reset_cpu
                0x00000000100006fc       0x5c CMakeFiles/picosim.dir/home/udo/work/z80pack/z80core/simcore.c.obj
                0x00000000100006fc                reset_cpu
 .text.switch_cpu
                0x0000000010000758       0x34 CMakeFiles/picosim.dir/home/udo/work/z80pack/z80core/simcore.c.obj
                0x0000000010000758                switch_cpu
 .text.run_cpu  0x000000001000078c       0x70 CMakeFiles/picosim.dir/home/udo/work/z80pack/z80core/simcore.c.obj
                0x000000001000078c                run_cpu
 .text.report_cpu_error
                0x00000000100007fc      0x13c CMakeFiles/picosim.dir/home/udo/work/z80pack/z80core/simcore.c.obj
                0x00000000100007fc                report_cpu_error
 .text.report_cpu_stats
                0x0000000010000938       0x70 CMakeFiles/picosim.dir/home/udo/work/z80pack/z80core/simcore.c.obj
                0x0000000010000938                report_cpu_stats
 .text.io_in    0x00000000100009a8       0x54 CMakeFiles/picosim.dir/home/udo/work/z80pack/z80core/simcore.c.obj
                0x00000000100009a8                io_in
 .text.io_out   0x00000000100009fc       0x54 CMakeFiles/picosim.dir/home/udo/work/z80pack/z80core/simcore.c.obj
                0x00000000100009fc                io_out
 .text.io_trap_in
                0x0000000010000a50       0x24 CMakeFiles/picosim.dir/home/udo/work/z80pack/z80core/simcore.c.obj
                0x0000000010000a50                io_trap_in
 .text.io_trap_out
                0x0000000010000a74       0x24 CMakeFiles/picosim.dir/home/udo/work/z80pack/z80core/simcore.c.obj
                0x0000000010000a74                io_trap_out
 .text.end_bus_request
                0x0000000010000a98       0x1c CMakeFiles/picosim.dir/home/udo/work/z80pack/z80core/simcore.c.obj
                0x0000000010000a98                end_bus_request
 .text.op_nop   0x0000000010000ab4        0x4 CMakeFiles/picosim.dir/home/udo/work/z80pack/z80core/sim8080.c.obj
 .text.op_stc   0x0000000010000ab8       0x14 CMakeFiles/picosim.dir/home/udo/work/z80pack/z80core/sim8080.c.obj
 .text.op_cmc   0x0000000010000acc       0x1c CMakeFiles/picosim.dir/home/udo/work/z80pack/z80core/sim8080.c.obj
 .text.op_cma   0x0000000010000ae8       0x10 CMakeFiles/picosim.dir/home/udo/work/z80pack/z80core/sim8080.c.obj
 .text.op_daa   0x0000000010000af8       0xa4 CMakeFiles/picosim.dir/home/udo/work/z80pack/z80core/sim8080.c.obj
 .text.op_ei    0x0000000010000b9c       0x18 CMakeFiles/picosim.dir/home/udo/work/z80pack/z80core/sim8080.c.obj
 .text.op_di    0x0000000010000bb4       0x10 CMakeFiles/picosim.dir/home/udo/work/z80pack/z80core/sim8080.c.obj
 .text.op_mvian
                0x0000000010000bc4       0x20 CMakeFiles/picosim.dir/home/udo/work/z80pack/z80core/sim8080.c.obj
 .text.op_mvibn
                0x0000000010000be4       0x20 CMakeFiles/picosim.dir/home/udo/work/z80pack/z80core/sim8080.c.obj
 .text.op_mvicn
                0x0000000010000c04       0x20 CMakeFiles/picosim.dir/home/udo/work/z80pack/z80core/sim8080.c.obj
 .text.op_mvidn
                0x0000000010000c24       0x20 CMakeFiles/picosim.dir/home/udo/work/z80pack/z80core/sim8080.c.obj
 .text.op_mvien
                0x0000000010000c44       0x20 CMakeFiles/picosim.dir/home/udo/work/z80pack/z80core/sim8080.c.obj
 .text.op_mvihn
                0x0000000010000c64       0x20 CMakeFiles/picosim.dir/home/udo/work/z80pack/z80core/sim8080.c.obj
 .text.op_mviln
                0x0000000010000c84       0x20 CMakeFiles/picosim.dir/home/udo/work/z80pack/z80core/sim8080.c.obj
 .text.op_ldaxb
                0x0000000010000ca4       0x2c CMakeFiles/picosim.dir/home/udo/work/z80pack/z80core/sim8080.c.obj
 .text.op_ldaxd
                0x0000000010000cd0       0x2c CMakeFiles/picosim.dir/home/udo/work/z80pack/z80core/sim8080.c.obj
 .text.op_ldann
                0x0000000010000cfc       0x30 CMakeFiles/picosim.dir/home/udo/work/z80pack/z80core/sim8080.c.obj
 .text.op_staxb
                0x0000000010000d2c       0x34 CMakeFiles/picosim.dir/home/udo/work/z80pack/z80core/sim8080.c.obj
 .text.op_staxd
                0x0000000010000d60       0x34 CMakeFiles/picosim.dir/home/udo/work/z80pack/z80core/sim8080.c.obj
 .text.op_stann
                0x0000000010000d94       0x3c CMakeFiles/picosim.dir/home/udo/work/z80pack/z80core/sim8080.c.obj
 .text.op_movma
                0x0000000010000dd0       0x34 CMakeFiles/picosim.dir/home/udo/work/z80pack/z80core/sim8080.c.obj
 .text.op_movmb
                0x0000000010000e04       0x34 CMakeFiles/picosim.dir/home/udo/work/z80pack/z80core/sim8080.c.obj
 .text.op_movmc
                0x0000000010000e38       0x34 CMakeFiles/picosim.dir/home/udo/work/z80pack/z80core/sim8080.c.obj
 .text.op_movmd
                0x0000000010000e6c       0x34 CMakeFiles/picosim.dir/home/udo/work/z80pack/z80core/sim8080.c.obj
 .text.op_movme
                0x0000000010000ea0       0x34 CMakeFiles/picosim.dir/home/udo/work/z80pack/z80core/sim8080.c.obj
 .text.op_movmh
                0x0000000010000ed4       0x2c CMakeFiles/picosim.dir/home/udo/work/z80pack/z80core/sim8080.c.obj
 .text.op_movml
                0x0000000010000f00       0x2c CMakeFiles/picosim.dir/home/udo/work/z80pack/z80core/sim8080.c.obj
 .text.op_mvimn
                0x0000000010000f2c       0x3c CMakeFiles/picosim.dir/home/udo/work/z80pack/z80core/sim8080.c.obj
 .text.op_movaa
                0x0000000010000f68        0x4 CMakeFiles/picosim.dir/home/udo/work/z80pack/z80core/sim8080.c.obj
 .text.op_movab
                0x0000000010000f6c       0x14 CMakeFiles/picosim.dir/home/udo/work/z80pack/z80core/sim8080.c.obj
 .text.op_movac
                0x0000000010000f80       0x14 CMakeFiles/picosim.dir/home/udo/work/z80pack/z80core/sim8080.c.obj
 .text.op_movad
                0x0000000010000f94       0x14 CMakeFiles/picosim.dir/home/udo/work/z80pack/z80core/sim8080.c.obj
 .text.op_movae
                0x0000000010000fa8       0x14 CMakeFiles/picosim.dir/home/udo/work/z80pack/z80core/sim8080.c.obj
 .text.op_movah
                0x0000000010000fbc       0x14 CMakeFiles/picosim.dir/home/udo/work/z80pack/z80core/sim8080.c.obj
 .text.op_moval
                0x0000000010000fd0       0x14 CMakeFiles/picosim.dir/home/udo/work/z80pack/z80core/sim8080.c.obj
 .text.op_movam
                0x0000000010000fe4       0x2c CMakeFiles/picosim.dir/home/udo/work/z80pack/z80core/sim8080.c.obj
 .text.op_movba
                0x0000000010001010       0x14 CMakeFiles/picosim.dir/home/udo/work/z80pack/z80core/sim8080.c.obj
 .text.op_movbc
                0x0000000010001024       0x14 CMakeFiles/picosim.dir/home/udo/work/z80pack/z80core/sim8080.c.obj
 .text.op_movbd
                0x0000000010001038       0x14 CMakeFiles/picosim.dir/home/udo/work/z80pack/z80core/sim8080.c.obj
 .text.op_movbe
                0x000000001000104c       0x14 CMakeFiles/picosim.dir/home/udo/work/z80pack/z80core/sim8080.c.obj
 .text.op_movbh
                0x0000000010001060       0x14 CMakeFiles/picosim.dir/home/udo/work/z80pack/z80core/sim8080.c.obj
 .text.op_movbl
                0x0000000010001074       0x14 CMakeFiles/picosim.dir/home/udo/work/z80pack/z80core/sim8080.c.obj
 .text.op_movbm
                0x0000000010001088       0x2c CMakeFiles/picosim.dir/home/udo/work/z80pack/z80core/sim8080.c.obj
 .text.op_movca
                0x00000000100010b4       0x14 CMakeFiles/picosim.dir/home/udo/work/z80pack/z80core/sim8080.c.obj
 .text.op_movcb
                0x00000000100010c8       0x14 CMakeFiles/picosim.dir/home/udo/work/z80pack/z80core/sim8080.c.obj
 .text.op_movcd
                0x00000000100010dc       0x14 CMakeFiles/picosim.dir/home/udo/work/z80pack/z80core/sim8080.c.obj
 .text.op_movce
                0x00000000100010f0       0x14 CMakeFiles/picosim.dir/home/udo/work/z80pack/z80core/sim8080.c.obj
 .text.op_movch
                0x0000000010001104       0x14 CMakeFiles/picosim.dir/home/udo/work/z80pack/z80core/sim8080.c.obj
 .text.op_movcl
                0x0000000010001118       0x14 CMakeFiles/picosim.dir/home/udo/work/z80pack/z80core/sim8080.c.obj
 .text.op_movcm
                0x000000001000112c       0x2c CMakeFiles/picosim.dir/home/udo/work/z80pack/z80core/sim8080.c.obj
 .text.op_movda
                0x0000000010001158       0x14 CMakeFiles/picosim.dir/home/udo/work/z80pack/z80core/sim8080.c.obj
 .text.op_movdb
                0x000000001000116c       0x14 CMakeFiles/picosim.dir/home/udo/work/z80pack/z80core/sim8080.c.obj
 .text.op_movdc
                0x0000000010001180       0x14 CMakeFiles/picosim.dir/home/udo/work/z80pack/z80core/sim8080.c.obj
 .text.op_movde
                0x0000000010001194       0x14 CMakeFiles/picosim.dir/home/udo/work/z80pack/z80core/sim8080.c.obj
 .text.op_movdh
                0x00000000100011a8       0x14 CMakeFiles/picosim.dir/home/udo/work/z80pack/z80core/sim8080.c.obj
 .text.op_movdl
                0x00000000100011bc       0x14 CMakeFiles/picosim.dir/home/udo/work/z80pack/z80core/sim8080.c.obj
 .text.op_movdm
                0x00000000100011d0       0x2c CMakeFiles/picosim.dir/home/udo/work/z80pack/z80core/sim8080.c.obj
 .text.op_movea
                0x00000000100011fc       0x14 CMakeFiles/picosim.dir/home/udo/work/z80pack/z80core/sim8080.c.obj
 .text.op_moveb
                0x0000000010001210       0x14 CMakeFiles/picosim.dir/home/udo/work/z80pack/z80core/sim8080.c.obj
 .text.op_movec
                0x0000000010001224       0x14 CMakeFiles/picosim.dir/home/udo/work/z80pack/z80core/sim8080.c.obj
 .text.op_moved
                0x0000000010001238       0x14 CMakeFiles/picosim.dir/home/udo/work/z80pack/z80core/sim8080.c.obj
 .text.op_moveh
                0x000000001000124c       0x14 CMakeFiles/picosim.dir/home/udo/work/z80pack/z80core/sim8080.c.obj
 .text.op_movel
                0x0000000010001260       0x14 CMakeFiles/picosim.dir/home/udo/work/z80pack/z80core/sim8080.c.obj
 .text.op_movem
                0x0000000010001274       0x2c CMakeFiles/picosim.dir/home/udo/work/z80pack/z80core/sim8080.c.obj
 .text.op_movha
                0x00000000100012a0       0x14 CMakeFiles/picosim.dir/home/udo/work/z80pack/z80core/sim8080.c.obj
 .text.op_movhb
                0x00000000100012b4       0x14 CMakeFiles/picosim.dir/home/udo/work/z80pack/z80core/sim8080.c.obj
 .text.op_movhc
                0x00000000100012c8       0x14 CMakeFiles/picosim.dir/home/udo/work/z80pack/z80core/sim8080.c.obj
 .text.op_movhd
                0x00000000100012dc       0x14 CMakeFiles/picosim.dir/home/udo/work/z80pack/z80core/sim8080.c.obj
 .text.op_movhe
                0x00000000100012f0       0x14 CMakeFiles/picosim.dir/home/udo/work/z80pack/z80core/sim8080.c.obj
 .text.op_movhl
                0x0000000010001304       0x14 CMakeFiles/picosim.dir/home/udo/work/z80pack/z80core/sim8080.c.obj
 .text.op_movhm
                0x0000000010001318       0x24 CMakeFiles/picosim.dir/home/udo/work/z80pack/z80core/sim8080.c.obj
 .text.op_movla
                0x000000001000133c       0x14 CMakeFiles/picosim.dir/home/udo/work/z80pack/z80core/sim8080.c.obj
 .text.op_movlb
                0x0000000010001350       0x14 CMakeFiles/picosim.dir/home/udo/work/z80pack/z80core/sim8080.c.obj
 .text.op_movlc
                0x0000000010001364       0x14 CMakeFiles/picosim.dir/home/udo/work/z80pack/z80core/sim8080.c.obj
 .text.op_movld
                0x0000000010001378       0x14 CMakeFiles/picosim.dir/home/udo/work/z80pack/z80core/sim8080.c.obj
 .text.op_movle
                0x000000001000138c       0x14 CMakeFiles/picosim.dir/home/udo/work/z80pack/z80core/sim8080.c.obj
 .text.op_movlh
                0x00000000100013a0       0x14 CMakeFiles/picosim.dir/home/udo/work/z80pack/z80core/sim8080.c.obj
 .text.op_movlm
                0x00000000100013b4       0x24 CMakeFiles/picosim.dir/home/udo/work/z80pack/z80core/sim8080.c.obj
 .text.op_lxibnn
                0x00000000100013d8       0x30 CMakeFiles/picosim.dir/home/udo/work/z80pack/z80core/sim8080.c.obj
 .text.op_lxidnn
                0x0000000010001408       0x30 CMakeFiles/picosim.dir/home/udo/work/z80pack/z80core/sim8080.c.obj
 .text.op_lxihnn
                0x0000000010001438       0x30 CMakeFiles/picosim.dir/home/udo/work/z80pack/z80core/sim8080.c.obj
 .text.op_lxispnn
                0x0000000010001468       0x2c CMakeFiles/picosim.dir/home/udo/work/z80pack/z80core/sim8080.c.obj
 .text.op_sphl  0x0000000010001494       0x20 CMakeFiles/picosim.dir/home/udo/work/z80pack/z80core/sim8080.c.obj
 .text.op_lhldnn
                0x00000000100014b4       0x40 CMakeFiles/picosim.dir/home/udo/work/z80pack/z80core/sim8080.c.obj
 .text.op_shldnn
                0x00000000100014f4       0x50 CMakeFiles/picosim.dir/home/udo/work/z80pack/z80core/sim8080.c.obj
 .text.op_inxsp
                0x0000000010001544       0x10 CMakeFiles/picosim.dir/home/udo/work/z80pack/z80core/sim8080.c.obj
 .text.op_dcxsp
                0x0000000010001554       0x10 CMakeFiles/picosim.dir/home/udo/work/z80pack/z80core/sim8080.c.obj
 .text.op_dadb  0x0000000010001564       0x58 CMakeFiles/picosim.dir/home/udo/work/z80pack/z80core/sim8080.c.obj
 .text.op_dadd  0x00000000100015bc       0x58 CMakeFiles/picosim.dir/home/udo/work/z80pack/z80core/sim8080.c.obj
 .text.op_dadh  0x0000000010001614       0x48 CMakeFiles/picosim.dir/home/udo/work/z80pack/z80core/sim8080.c.obj
 .text.op_dadsp
                0x000000001000165c       0x58 CMakeFiles/picosim.dir/home/udo/work/z80pack/z80core/sim8080.c.obj
 .text.op_anaa  0x00000000100016b4       0x78 CMakeFiles/picosim.dir/home/udo/work/z80pack/z80core/sim8080.c.obj
 .text.op_anab  0x000000001000172c       0x80 CMakeFiles/picosim.dir/home/udo/work/z80pack/z80core/sim8080.c.obj
 .text.op_anac  0x00000000100017ac       0x80 CMakeFiles/picosim.dir/home/udo/work/z80pack/z80core/sim8080.c.obj
 .text.op_anad  0x000000001000182c       0x80 CMakeFiles/picosim.dir/home/udo/work/z80pack/z80core/sim8080.c.obj
 .text.op_anae  0x00000000100018ac       0x80 CMakeFiles/picosim.dir/home/udo/work/z80pack/z80core/sim8080.c.obj
 .text.op_anah  0x000000001000192c       0x80 CMakeFiles/picosim.dir/home/udo/work/z80pack/z80core/sim8080.c.obj
 .text.op_anal  0x00000000100019ac       0x80 CMakeFiles/picosim.dir/home/udo/work/z80pack/z80core/sim8080.c.obj
 .text.op_anam  0x0000000010001a2c       0x98 CMakeFiles/picosim.dir/home/udo/work/z80pack/z80core/sim8080.c.obj
 .text.op_anin  0x0000000010001ac4       0x8c CMakeFiles/picosim.dir/home/udo/work/z80pack/z80core/sim8080.c.obj
 .text.op_oraa  0x0000000010001b50       0x5c CMakeFiles/picosim.dir/home/udo/work/z80pack/z80core/sim8080.c.obj
 .text.op_orab  0x0000000010001bac       0x64 CMakeFiles/picosim.dir/home/udo/work/z80pack/z80core/sim8080.c.obj
 .text.op_orac  0x0000000010001c10       0x64 CMakeFiles/picosim.dir/home/udo/work/z80pack/z80core/sim8080.c.obj
 .text.op_orad  0x0000000010001c74       0x64 CMakeFiles/picosim.dir/home/udo/work/z80pack/z80core/sim8080.c.obj
 .text.op_orae  0x0000000010001cd8       0x64 CMakeFiles/picosim.dir/home/udo/work/z80pack/z80core/sim8080.c.obj
 .text.op_orah  0x0000000010001d3c       0x64 CMakeFiles/picosim.dir/home/udo/work/z80pack/z80core/sim8080.c.obj
 .text.op_oral  0x0000000010001da0       0x64 CMakeFiles/picosim.dir/home/udo/work/z80pack/z80core/sim8080.c.obj
 .text.op_oram  0x0000000010001e04       0x7c CMakeFiles/picosim.dir/home/udo/work/z80pack/z80core/sim8080.c.obj
 .text.op_orin  0x0000000010001e80       0x70 CMakeFiles/picosim.dir/home/udo/work/z80pack/z80core/sim8080.c.obj
 .text.op_xraa  0x0000000010001ef0       0x24 CMakeFiles/picosim.dir/home/udo/work/z80pack/z80core/sim8080.c.obj
 .text.op_xrab  0x0000000010001f14       0x68 CMakeFiles/picosim.dir/home/udo/work/z80pack/z80core/sim8080.c.obj
 .text.op_xrac  0x0000000010001f7c       0x68 CMakeFiles/picosim.dir/home/udo/work/z80pack/z80core/sim8080.c.obj
 .text.op_xrad  0x0000000010001fe4       0x68 CMakeFiles/picosim.dir/home/udo/work/z80pack/z80core/sim8080.c.obj
 .text.op_xrae  0x000000001000204c       0x68 CMakeFiles/picosim.dir/home/udo/work/z80pack/z80core/sim8080.c.obj
 .text.op_xrah  0x00000000100020b4       0x68 CMakeFiles/picosim.dir/home/udo/work/z80pack/z80core/sim8080.c.obj
 .text.op_xral  0x000000001000211c       0x68 CMakeFiles/picosim.dir/home/udo/work/z80pack/z80core/sim8080.c.obj
 .text.op_xram  0x0000000010002184       0x80 CMakeFiles/picosim.dir/home/udo/work/z80pack/z80core/sim8080.c.obj
 .text.op_xrin  0x0000000010002204       0x74 CMakeFiles/picosim.dir/home/udo/work/z80pack/z80core/sim8080.c.obj
 .text.op_adda  0x0000000010002278       0x8c CMakeFiles/picosim.dir/home/udo/work/z80pack/z80core/sim8080.c.obj
 .text.op_addb  0x0000000010002304       0x98 CMakeFiles/picosim.dir/home/udo/work/z80pack/z80core/sim8080.c.obj
 .text.op_addc  0x000000001000239c       0x98 CMakeFiles/picosim.dir/home/udo/work/z80pack/z80core/sim8080.c.obj
 .text.op_addd  0x0000000010002434       0x98 CMakeFiles/picosim.dir/home/udo/work/z80pack/z80core/sim8080.c.obj
 .text.op_adde  0x00000000100024cc       0x98 CMakeFiles/picosim.dir/home/udo/work/z80pack/z80core/sim8080.c.obj
 .text.op_addh  0x0000000010002564       0x98 CMakeFiles/picosim.dir/home/udo/work/z80pack/z80core/sim8080.c.obj
 .text.op_addl  0x00000000100025fc       0x98 CMakeFiles/picosim.dir/home/udo/work/z80pack/z80core/sim8080.c.obj
 .text.op_addm  0x0000000010002694       0xac CMakeFiles/picosim.dir/home/udo/work/z80pack/z80core/sim8080.c.obj
 .text.op_adin  0x0000000010002740       0xa4 CMakeFiles/picosim.dir/home/udo/work/z80pack/z80core/sim8080.c.obj
 .text.op_adca  0x00000000100027e4       0x90 CMakeFiles/picosim.dir/home/udo/work/z80pack/z80core/sim8080.c.obj
 .text.op_adcb  0x0000000010002874       0xa0 CMakeFiles/picosim.dir/home/udo/work/z80pack/z80core/sim8080.c.obj
 .text.op_adcc  0x0000000010002914       0xa0 CMakeFiles/picosim.dir/home/udo/work/z80pack/z80core/sim8080.c.obj
 .text.op_adcd  0x00000000100029b4       0xa0 CMakeFiles/picosim.dir/home/udo/work/z80pack/z80core/sim8080.c.obj
 .text.op_adce  0x0000000010002a54       0xa0 CMakeFiles/picosim.dir/home/udo/work/z80pack/z80core/sim8080.c.obj
 .text.op_adch  0x0000000010002af4       0xa0 CMakeFiles/picosim.dir/home/udo/work/z80pack/z80core/sim8080.c.obj
 .text.op_adcl  0x0000000010002b94       0xa0 CMakeFiles/picosim.dir/home/udo/work/z80pack/z80core/sim8080.c.obj
 .text.op_adcm  0x0000000010002c34       0xb8 CMakeFiles/picosim.dir/home/udo/work/z80pack/z80core/sim8080.c.obj
 .text.op_acin  0x0000000010002cec       0xb0 CMakeFiles/picosim.dir/home/udo/work/z80pack/z80core/sim8080.c.obj
 .text.op_suba  0x0000000010002d9c       0x24 CMakeFiles/picosim.dir/home/udo/work/z80pack/z80core/sim8080.c.obj
 .text.op_subb  0x0000000010002dc0       0x98 CMakeFiles/picosim.dir/home/udo/work/z80pack/z80core/sim8080.c.obj
 .text.op_subc  0x0000000010002e58       0x98 CMakeFiles/picosim.dir/home/udo/work/z80pack/z80core/sim8080.c.obj
 .text.op_subd  0x0000000010002ef0       0x98 CMakeFiles/picosim.dir/home/udo/work/z80pack/z80core/sim8080.c.obj
 .text.op_sube  0x0000000010002f88       0x98 CMakeFiles/picosim.dir/home/udo/work/z80pack/z80core/sim8080.c.obj
 .text.op_subh  0x0000000010003020       0x98 CMakeFiles/picosim.dir/home/udo/work/z80pack/z80core/sim8080.c.obj
 .text.op_subl  0x00000000100030b8       0x98 CMakeFiles/picosim.dir/home/udo/work/z80pack/z80core/sim8080.c.obj
 .text.op_subm  0x0000000010003150       0xac CMakeFiles/picosim.dir/home/udo/work/z80pack/z80core/sim8080.c.obj
 .text.op_suin  0x00000000100031fc       0xa4 CMakeFiles/picosim.dir/home/udo/work/z80pack/z80core/sim8080.c.obj
 .text.op_sbba  0x00000000100032a0       0x30 CMakeFiles/picosim.dir/home/udo/work/z80pack/z80core/sim8080.c.obj
 .text.op_sbbb  0x00000000100032d0       0x9c CMakeFiles/picosim.dir/home/udo/work/z80pack/z80core/sim8080.c.obj
 .text.op_sbbc  0x000000001000336c       0x9c CMakeFiles/picosim.dir/home/udo/work/z80pack/z80core/sim8080.c.obj
 .text.op_sbbd  0x0000000010003408       0x9c CMakeFiles/picosim.dir/home/udo/work/z80pack/z80core/sim8080.c.obj
 .text.op_sbbe  0x00000000100034a4       0x9c CMakeFiles/picosim.dir/home/udo/work/z80pack/z80core/sim8080.c.obj
 .text.op_sbbh  0x0000000010003540       0x9c CMakeFiles/picosim.dir/home/udo/work/z80pack/z80core/sim8080.c.obj
 .text.op_sbbl  0x00000000100035dc       0x9c CMakeFiles/picosim.dir/home/udo/work/z80pack/z80core/sim8080.c.obj
 .text.op_sbbm  0x0000000010003678       0xb4 CMakeFiles/picosim.dir/home/udo/work/z80pack/z80core/sim8080.c.obj
 .text.op_sbin  0x000000001000372c       0xa4 CMakeFiles/picosim.dir/home/udo/work/z80pack/z80core/sim8080.c.obj
 .text.op_cmpa  0x00000000100037d0       0x18 CMakeFiles/picosim.dir/home/udo/work/z80pack/z80core/sim8080.c.obj
 .text.op_cmpb  0x00000000100037e8       0x94 CMakeFiles/picosim.dir/home/udo/work/z80pack/z80core/sim8080.c.obj
 .text.op_cmpc  0x000000001000387c       0x94 CMakeFiles/picosim.dir/home/udo/work/z80pack/z80core/sim8080.c.obj
 .text.op_cmpd  0x0000000010003910       0x94 CMakeFiles/picosim.dir/home/udo/work/z80pack/z80core/sim8080.c.obj
 .text.op_cmpe  0x00000000100039a4       0x94 CMakeFiles/picosim.dir/home/udo/work/z80pack/z80core/sim8080.c.obj
 .text.op_cmph  0x0000000010003a38       0x94 CMakeFiles/picosim.dir/home/udo/work/z80pack/z80core/sim8080.c.obj
 .text.op_cmpl  0x0000000010003acc       0x94 CMakeFiles/picosim.dir/home/udo/work/z80pack/z80core/sim8080.c.obj
 .text.op_cmpm  0x0000000010003b60       0xa8 CMakeFiles/picosim.dir/home/udo/work/z80pack/z80core/sim8080.c.obj
 .text.op_cpin  0x0000000010003c08       0xa0 CMakeFiles/picosim.dir/home/udo/work/z80pack/z80core/sim8080.c.obj
 .text.op_inrm  0x0000000010003ca8       0x8c CMakeFiles/picosim.dir/home/udo/work/z80pack/z80core/sim8080.c.obj
 .text.op_dcrm  0x0000000010003d34       0x88 CMakeFiles/picosim.dir/home/udo/work/z80pack/z80core/sim8080.c.obj
 .text.op_rlc   0x0000000010003dbc       0x34 CMakeFiles/picosim.dir/home/udo/work/z80pack/z80core/sim8080.c.obj
 .text.op_rrc   0x0000000010003df0       0x34 CMakeFiles/picosim.dir/home/udo/work/z80pack/z80core/sim8080.c.obj
 .text.op_ral   0x0000000010003e24       0x3c CMakeFiles/picosim.dir/home/udo/work/z80pack/z80core/sim8080.c.obj
 .text.op_rar   0x0000000010003e60       0x38 CMakeFiles/picosim.dir/home/udo/work/z80pack/z80core/sim8080.c.obj
 .text.op_xchg  0x0000000010003e98       0x2c CMakeFiles/picosim.dir/home/udo/work/z80pack/z80core/sim8080.c.obj
 .text.op_xthl  0x0000000010003ec4       0x58 CMakeFiles/picosim.dir/home/udo/work/z80pack/z80core/sim8080.c.obj
 .text.op_pushpsw
                0x0000000010003f1c       0x44 CMakeFiles/picosim.dir/home/udo/work/z80pack/z80core/sim8080.c.obj
 .text.op_pushb
                0x0000000010003f60       0x44 CMakeFiles/picosim.dir/home/udo/work/z80pack/z80core/sim8080.c.obj
 .text.op_pushd
                0x0000000010003fa4       0x44 CMakeFiles/picosim.dir/home/udo/work/z80pack/z80core/sim8080.c.obj
 .text.op_pushh
                0x0000000010003fe8       0x44 CMakeFiles/picosim.dir/home/udo/work/z80pack/z80core/sim8080.c.obj
 .text.op_poppsw
                0x000000001000402c       0x38 CMakeFiles/picosim.dir/home/udo/work/z80pack/z80core/sim8080.c.obj
 .text.op_popb  0x0000000010004064       0x30 CMakeFiles/picosim.dir/home/udo/work/z80pack/z80core/sim8080.c.obj
 .text.op_popd  0x0000000010004094       0x30 CMakeFiles/picosim.dir/home/udo/work/z80pack/z80core/sim8080.c.obj
 .text.op_poph  0x00000000100040c4       0x30 CMakeFiles/picosim.dir/home/udo/work/z80pack/z80core/sim8080.c.obj
 .text.op_jmp   0x00000000100040f4       0x20 CMakeFiles/picosim.dir/home/udo/work/z80pack/z80core/sim8080.c.obj
 .text.op_pchl  0x0000000010004114       0x20 CMakeFiles/picosim.dir/home/udo/work/z80pack/z80core/sim8080.c.obj
 .text.op_call  0x0000000010004134       0x50 CMakeFiles/picosim.dir/home/udo/work/z80pack/z80core/sim8080.c.obj
 .text.op_ret   0x0000000010004184       0x2c CMakeFiles/picosim.dir/home/udo/work/z80pack/z80core/sim8080.c.obj
 .text.op_jz    0x00000000100041b0       0x34 CMakeFiles/picosim.dir/home/udo/work/z80pack/z80core/sim8080.c.obj
 .text.op_jnz   0x00000000100041e4       0x34 CMakeFiles/picosim.dir/home/udo/work/z80pack/z80core/sim8080.c.obj
 .text.op_jc    0x0000000010004218       0x34 CMakeFiles/picosim.dir/home/udo/work/z80pack/z80core/sim8080.c.obj
 .text.op_jnc   0x000000001000424c       0x34 CMakeFiles/picosim.dir/home/udo/work/z80pack/z80core/sim8080.c.obj
 .text.op_jpe   0x0000000010004280       0x34 CMakeFiles/picosim.dir/home/udo/work/z80pack/z80core/sim8080.c.obj
 .text.op_jpo   0x00000000100042b4       0x34 CMakeFiles/picosim.dir/home/udo/work/z80pack/z80core/sim8080.c.obj
 .text.op_jm    0x00000000100042e8       0x34 CMakeFiles/picosim.dir/home/udo/work/z80pack/z80core/sim8080.c.obj
 .text.op_jp    0x000000001000431c       0x34 CMakeFiles/picosim.dir/home/udo/work/z80pack/z80core/sim8080.c.obj
 .text.op_cz    0x0000000010004350       0x6c CMakeFiles/picosim.dir/home/udo/work/z80pack/z80core/sim8080.c.obj
 .text.op_cnz   0x00000000100043bc       0x6c CMakeFiles/picosim.dir/home/udo/work/z80pack/z80core/sim8080.c.obj
 .text.op_cc    0x0000000010004428       0x6c CMakeFiles/picosim.dir/home/udo/work/z80pack/z80core/sim8080.c.obj
 .text.op_cnc   0x0000000010004494       0x6c CMakeFiles/picosim.dir/home/udo/work/z80pack/z80core/sim8080.c.obj
 .text.op_cpe   0x0000000010004500       0x6c CMakeFiles/picosim.dir/home/udo/work/z80pack/z80core/sim8080.c.obj
 .text.op_cpo   0x000000001000456c       0x6c CMakeFiles/picosim.dir/home/udo/work/z80pack/z80core/sim8080.c.obj
 .text.op_cm    0x00000000100045d8       0x6c CMakeFiles/picosim.dir/home/udo/work/z80pack/z80core/sim8080.c.obj
 .text.op_cp    0x0000000010004644       0x6c CMakeFiles/picosim.dir/home/udo/work/z80pack/z80core/sim8080.c.obj
 .text.op_rst0  0x00000000100046b0       0x44 CMakeFiles/picosim.dir/home/udo/work/z80pack/z80core/sim8080.c.obj
 .text.op_rst1  0x00000000100046f4       0x44 CMakeFiles/picosim.dir/home/udo/work/z80pack/z80core/sim8080.c.obj
 .text.op_rst2  0x0000000010004738       0x44 CMakeFiles/picosim.dir/home/udo/work/z80pack/z80core/sim8080.c.obj
 .text.op_rst3  0x000000001000477c       0x44 CMakeFiles/picosim.dir/home/udo/work/z80pack/z80core/sim8080.c.obj
 .text.op_rst4  0x00000000100047c0       0x44 CMakeFiles/picosim.dir/home/udo/work/z80pack/z80core/sim8080.c.obj
 .text.op_rst5  0x0000000010004804       0x44 CMakeFiles/picosim.dir/home/udo/work/z80pack/z80core/sim8080.c.obj
 .text.op_rst6  0x0000000010004848       0x44 CMakeFiles/picosim.dir/home/udo/work/z80pack/z80core/sim8080.c.obj
 .text.op_rst7  0x000000001000488c       0x44 CMakeFiles/picosim.dir/home/udo/work/z80pack/z80core/sim8080.c.obj
 .text.op_undoc_nop
                0x00000000100048d0       0x28 CMakeFiles/picosim.dir/home/udo/work/z80pack/z80core/sim8080.c.obj
 .text.op_in    0x00000000100048f8       0x28 CMakeFiles/picosim.dir/home/udo/work/z80pack/z80core/sim8080.c.obj
 .text.op_out   0x0000000010004920       0x28 CMakeFiles/picosim.dir/home/udo/work/z80pack/z80core/sim8080.c.obj
 .text.op_hlt   0x0000000010004948       0x74 CMakeFiles/picosim.dir/home/udo/work/z80pack/z80core/sim8080.c.obj
 .text.op_inxb  0x00000000100049bc       0x24 CMakeFiles/picosim.dir/home/udo/work/z80pack/z80core/sim8080.c.obj
 .text.op_inxd  0x00000000100049e0       0x24 CMakeFiles/picosim.dir/home/udo/work/z80pack/z80core/sim8080.c.obj
 .text.op_inxh  0x0000000010004a04       0x24 CMakeFiles/picosim.dir/home/udo/work/z80pack/z80core/sim8080.c.obj
 .text.op_dcxb  0x0000000010004a28       0x24 CMakeFiles/picosim.dir/home/udo/work/z80pack/z80core/sim8080.c.obj
 .text.op_dcxd  0x0000000010004a4c       0x24 CMakeFiles/picosim.dir/home/udo/work/z80pack/z80core/sim8080.c.obj
 .text.op_dcxh  0x0000000010004a70       0x24 CMakeFiles/picosim.dir/home/udo/work/z80pack/z80core/sim8080.c.obj
 .text.op_dcrl  0x0000000010004a94       0x68 CMakeFiles/picosim.dir/home/udo/work/z80pack/z80core/sim8080.c.obj
 .text.op_rp    0x0000000010004afc       0x3c CMakeFiles/picosim.dir/home/udo/work/z80pack/z80core/sim8080.c.obj
 .text.op_undoc_jmp
                0x0000000010004b38       0x44 CMakeFiles/picosim.dir/home/udo/work/z80pack/z80core/sim8080.c.obj
 .text.op_undoc_ret
                0x0000000010004b7c       0x50 CMakeFiles/picosim.dir/home/udo/work/z80pack/z80core/sim8080.c.obj
 .text.op_movll
                0x0000000010004bcc        0x4 CMakeFiles/picosim.dir/home/udo/work/z80pack/z80core/sim8080.c.obj
 .text.op_movbb
                0x0000000010004bd0        0x4 CMakeFiles/picosim.dir/home/udo/work/z80pack/z80core/sim8080.c.obj
 .text.op_movcc
                0x0000000010004bd4        0x4 CMakeFiles/picosim.dir/home/udo/work/z80pack/z80core/sim8080.c.obj
 .text.op_movdd
                0x0000000010004bd8        0x4 CMakeFiles/picosim.dir/home/udo/work/z80pack/z80core/sim8080.c.obj
 .text.op_movee
                0x0000000010004bdc        0x4 CMakeFiles/picosim.dir/home/udo/work/z80pack/z80core/sim8080.c.obj
 .text.op_movhh
                0x0000000010004be0        0x4 CMakeFiles/picosim.dir/home/udo/work/z80pack/z80core/sim8080.c.obj
 .text.op_inra  0x0000000010004be4       0x6c CMakeFiles/picosim.dir/home/udo/work/z80pack/z80core/sim8080.c.obj
 .text.op_inrb  0x0000000010004c50       0x6c CMakeFiles/picosim.dir/home/udo/work/z80pack/z80core/sim8080.c.obj
 .text.op_inrc  0x0000000010004cbc       0x6c CMakeFiles/picosim.dir/home/udo/work/z80pack/z80core/sim8080.c.obj
 .text.op_inrd  0x0000000010004d28       0x6c CMakeFiles/picosim.dir/home/udo/work/z80pack/z80core/sim8080.c.obj
 .text.op_inre  0x0000000010004d94       0x6c CMakeFiles/picosim.dir/home/udo/work/z80pack/z80core/sim8080.c.obj
 .text.op_inrh  0x0000000010004e00       0x6c CMakeFiles/picosim.dir/home/udo/work/z80pack/z80core/sim8080.c.obj
 .text.op_inrl  0x0000000010004e6c       0x6c CMakeFiles/picosim.dir/home/udo/work/z80pack/z80core/sim8080.c.obj
 .text.op_dcra  0x0000000010004ed8       0x68 CMakeFiles/picosim.dir/home/udo/work/z80pack/z80core/sim8080.c.obj
 .text.op_dcrb  0x0000000010004f40       0x68 CMakeFiles/picosim.dir/home/udo/work/z80pack/z80core/sim8080.c.obj
 .text.op_dcrc  0x0000000010004fa8       0x68 CMakeFiles/picosim.dir/home/udo/work/z80pack/z80core/sim8080.c.obj
 .text.op_dcrd  0x0000000010005010       0x68 CMakeFiles/picosim.dir/home/udo/work/z80pack/z80core/sim8080.c.obj
 .text.op_dcre  0x0000000010005078       0x68 CMakeFiles/picosim.dir/home/udo/work/z80pack/z80core/sim8080.c.obj
 .text.op_dcrh  0x00000000100050e0       0x68 CMakeFiles/picosim.dir/home/udo/work/z80pack/z80core/sim8080.c.obj
 .text.op_undoc_call
                0x0000000010005148       0x74 CMakeFiles/picosim.dir/home/udo/work/z80pack/z80core/sim8080.c.obj
 .text.op_rz    0x00000000100051bc       0x3c CMakeFiles/picosim.dir/home/udo/work/z80pack/z80core/sim8080.c.obj
 .text.op_rnz   0x00000000100051f8       0x3c CMakeFiles/picosim.dir/home/udo/work/z80pack/z80core/sim8080.c.obj
 .text.op_rc    0x0000000010005234       0x3c CMakeFiles/picosim.dir/home/udo/work/z80pack/z80core/sim8080.c.obj
 .text.op_rnc   0x0000000010005270       0x3c CMakeFiles/picosim.dir/home/udo/work/z80pack/z80core/sim8080.c.obj
 .text.op_rpe   0x00000000100052ac       0x3c CMakeFiles/picosim.dir/home/udo/work/z80pack/z80core/sim8080.c.obj
 .text.op_rpo   0x00000000100052e8       0x3c CMakeFiles/picosim.dir/home/udo/work/z80pack/z80core/sim8080.c.obj
 .text.op_rm    0x0000000010005324       0x3c CMakeFiles/picosim.dir/home/udo/work/z80pack/z80core/sim8080.c.obj
 .text.cpu_8080
                0x0000000010005360      0x3b8 CMakeFiles/picosim.dir/home/udo/work/z80pack/z80core/sim8080.c.obj
                0x0000000010005360                cpu_8080
 .text.op_nop   0x0000000010005718        0x4 CMakeFiles/picosim.dir/home/udo/work/z80pack/z80core/simz80.c.obj
 .text.op_scf   0x000000001000571c       0x18 CMakeFiles/picosim.dir/home/udo/work/z80pack/z80core/simz80.c.obj
 .text.op_ccf   0x0000000010005734       0x28 CMakeFiles/picosim.dir/home/udo/work/z80pack/z80core/simz80.c.obj
 .text.op_cpl   0x000000001000575c       0x20 CMakeFiles/picosim.dir/home/udo/work/z80pack/z80core/simz80.c.obj
 .text.op_daa   0x000000001000577c       0xc0 CMakeFiles/picosim.dir/home/udo/work/z80pack/z80core/simz80.c.obj
 .text.op_ei    0x000000001000583c       0x18 CMakeFiles/picosim.dir/home/udo/work/z80pack/z80core/simz80.c.obj
 .text.op_di    0x0000000010005854       0x10 CMakeFiles/picosim.dir/home/udo/work/z80pack/z80core/simz80.c.obj
 .text.op_ldan  0x0000000010005864       0x20 CMakeFiles/picosim.dir/home/udo/work/z80pack/z80core/simz80.c.obj
 .text.op_ldbn  0x0000000010005884       0x20 CMakeFiles/picosim.dir/home/udo/work/z80pack/z80core/simz80.c.obj
 .text.op_ldcn  0x00000000100058a4       0x20 CMakeFiles/picosim.dir/home/udo/work/z80pack/z80core/simz80.c.obj
 .text.op_lddn  0x00000000100058c4       0x20 CMakeFiles/picosim.dir/home/udo/work/z80pack/z80core/simz80.c.obj
 .text.op_lden  0x00000000100058e4       0x20 CMakeFiles/picosim.dir/home/udo/work/z80pack/z80core/simz80.c.obj
 .text.op_ldhn  0x0000000010005904       0x20 CMakeFiles/picosim.dir/home/udo/work/z80pack/z80core/simz80.c.obj
 .text.op_ldln  0x0000000010005924       0x20 CMakeFiles/picosim.dir/home/udo/work/z80pack/z80core/simz80.c.obj
 .text.op_ldabc
                0x0000000010005944       0x2c CMakeFiles/picosim.dir/home/udo/work/z80pack/z80core/simz80.c.obj
 .text.op_ldade
                0x0000000010005970       0x2c CMakeFiles/picosim.dir/home/udo/work/z80pack/z80core/simz80.c.obj
 .text.op_ldann
                0x000000001000599c       0x30 CMakeFiles/picosim.dir/home/udo/work/z80pack/z80core/simz80.c.obj
 .text.op_ldbca
                0x00000000100059cc       0x34 CMakeFiles/picosim.dir/home/udo/work/z80pack/z80core/simz80.c.obj
 .text.op_lddea
                0x0000000010005a00       0x34 CMakeFiles/picosim.dir/home/udo/work/z80pack/z80core/simz80.c.obj
 .text.op_ldnna
                0x0000000010005a34       0x3c CMakeFiles/picosim.dir/home/udo/work/z80pack/z80core/simz80.c.obj
 .text.op_ldhla
                0x0000000010005a70       0x34 CMakeFiles/picosim.dir/home/udo/work/z80pack/z80core/simz80.c.obj
 .text.op_ldhlb
                0x0000000010005aa4       0x34 CMakeFiles/picosim.dir/home/udo/work/z80pack/z80core/simz80.c.obj
 .text.op_ldhlc
                0x0000000010005ad8       0x34 CMakeFiles/picosim.dir/home/udo/work/z80pack/z80core/simz80.c.obj
 .text.op_ldhld
                0x0000000010005b0c       0x34 CMakeFiles/picosim.dir/home/udo/work/z80pack/z80core/simz80.c.obj
 .text.op_ldhle
                0x0000000010005b40       0x34 CMakeFiles/picosim.dir/home/udo/work/z80pack/z80core/simz80.c.obj
 .text.op_ldhlh
                0x0000000010005b74       0x2c CMakeFiles/picosim.dir/home/udo/work/z80pack/z80core/simz80.c.obj
 .text.op_ldhll
                0x0000000010005ba0       0x2c CMakeFiles/picosim.dir/home/udo/work/z80pack/z80core/simz80.c.obj
 .text.op_ldhl1
                0x0000000010005bcc       0x3c CMakeFiles/picosim.dir/home/udo/work/z80pack/z80core/simz80.c.obj
 .text.op_ldab  0x0000000010005c08       0x14 CMakeFiles/picosim.dir/home/udo/work/z80pack/z80core/simz80.c.obj
 .text.op_ldac  0x0000000010005c1c       0x14 CMakeFiles/picosim.dir/home/udo/work/z80pack/z80core/simz80.c.obj
 .text.op_ldad  0x0000000010005c30       0x14 CMakeFiles/picosim.dir/home/udo/work/z80pack/z80core/simz80.c.obj
 .text.op_ldae  0x0000000010005c44       0x14 CMakeFiles/picosim.dir/home/udo/work/z80pack/z80core/simz80.c.obj
 .text.op_ldah  0x0000000010005c58       0x14 CMakeFiles/picosim.dir/home/udo/work/z80pack/z80core/simz80.c.obj
 .text.op_ldal  0x0000000010005c6c       0x14 CMakeFiles/picosim.dir/home/udo/work/z80pack/z80core/simz80.c.obj
 .text.op_ldahl
                0x0000000010005c80       0x2c CMakeFiles/picosim.dir/home/udo/work/z80pack/z80core/simz80.c.obj
 .text.op_ldba  0x0000000010005cac       0x14 CMakeFiles/picosim.dir/home/udo/work/z80pack/z80core/simz80.c.obj
 .text.op_ldbc  0x0000000010005cc0       0x14 CMakeFiles/picosim.dir/home/udo/work/z80pack/z80core/simz80.c.obj
 .text.op_ldbd  0x0000000010005cd4       0x14 CMakeFiles/picosim.dir/home/udo/work/z80pack/z80core/simz80.c.obj
 .text.op_ldbe  0x0000000010005ce8       0x14 CMakeFiles/picosim.dir/home/udo/work/z80pack/z80core/simz80.c.obj
 .text.op_ldbh  0x0000000010005cfc       0x14 CMakeFiles/picosim.dir/home/udo/work/z80pack/z80core/simz80.c.obj
 .text.op_ldbl  0x0000000010005d10       0x14 CMakeFiles/picosim.dir/home/udo/work/z80pack/z80core/simz80.c.obj
 .text.op_ldbhl
                0x0000000010005d24       0x2c CMakeFiles/picosim.dir/home/udo/work/z80pack/z80core/simz80.c.obj
 .text.op_ldca  0x0000000010005d50       0x14 CMakeFiles/picosim.dir/home/udo/work/z80pack/z80core/simz80.c.obj
 .text.op_ldcb  0x0000000010005d64       0x14 CMakeFiles/picosim.dir/home/udo/work/z80pack/z80core/simz80.c.obj
 .text.op_ldcd  0x0000000010005d78       0x14 CMakeFiles/picosim.dir/home/udo/work/z80pack/z80core/simz80.c.obj
 .text.op_ldce  0x0000000010005d8c       0x14 CMakeFiles/picosim.dir/home/udo/work/z80pack/z80core/simz80.c.obj
 .text.op_ldch  0x0000000010005da0       0x14 CMakeFiles/picosim.dir/home/udo/work/z80pack/z80core/simz80.c.obj
 .text.op_ldcl  0x0000000010005db4       0x14 CMakeFiles/picosim.dir/home/udo/work/z80pack/z80core/simz80.c.obj
 .text.op_ldchl
                0x0000000010005dc8       0x2c CMakeFiles/picosim.dir/home/udo/work/z80pack/z80core/simz80.c.obj
 .text.op_ldda  0x0000000010005df4       0x14 CMakeFiles/picosim.dir/home/udo/work/z80pack/z80core/simz80.c.obj
 .text.op_lddb  0x0000000010005e08       0x14 CMakeFiles/picosim.dir/home/udo/work/z80pack/z80core/simz80.c.obj
 .text.op_lddc  0x0000000010005e1c       0x14 CMakeFiles/picosim.dir/home/udo/work/z80pack/z80core/simz80.c.obj
 .text.op_ldde  0x0000000010005e30       0x14 CMakeFiles/picosim.dir/home/udo/work/z80pack/z80core/simz80.c.obj
 .text.op_lddh  0x0000000010005e44       0x14 CMakeFiles/picosim.dir/home/udo/work/z80pack/z80core/simz80.c.obj
 .text.op_lddl  0x0000000010005e58       0x14 CMakeFiles/picosim.dir/home/udo/work/z80pack/z80core/simz80.c.obj
 .text.op_lddhl
                0x0000000010005e6c       0x2c CMakeFiles/picosim.dir/home/udo/work/z80pack/z80core/simz80.c.obj
 .text.op_ldea  0x0000000010005e98       0x14 CMakeFiles/picosim.dir/home/udo/work/z80pack/z80core/simz80.c.obj
 .text.op_ldeb  0x0000000010005eac       0x14 CMakeFiles/picosim.dir/home/udo/work/z80pack/z80core/simz80.c.obj
 .text.op_ldec  0x0000000010005ec0       0x14 CMakeFiles/picosim.dir/home/udo/work/z80pack/z80core/simz80.c.obj
 .text.op_lded  0x0000000010005ed4       0x14 CMakeFiles/picosim.dir/home/udo/work/z80pack/z80core/simz80.c.obj
 .text.op_ldeh  0x0000000010005ee8       0x14 CMakeFiles/picosim.dir/home/udo/work/z80pack/z80core/simz80.c.obj
 .text.op_ldel  0x0000000010005efc       0x14 CMakeFiles/picosim.dir/home/udo/work/z80pack/z80core/simz80.c.obj
 .text.op_ldehl
                0x0000000010005f10       0x2c CMakeFiles/picosim.dir/home/udo/work/z80pack/z80core/simz80.c.obj
 .text.op_ldha  0x0000000010005f3c       0x14 CMakeFiles/picosim.dir/home/udo/work/z80pack/z80core/simz80.c.obj
 .text.op_ldhb  0x0000000010005f50       0x14 CMakeFiles/picosim.dir/home/udo/work/z80pack/z80core/simz80.c.obj
 .text.op_ldhc  0x0000000010005f64       0x14 CMakeFiles/picosim.dir/home/udo/work/z80pack/z80core/simz80.c.obj
 .text.op_ldhd  0x0000000010005f78       0x14 CMakeFiles/picosim.dir/home/udo/work/z80pack/z80core/simz80.c.obj
 .text.op_ldhe  0x0000000010005f8c       0x14 CMakeFiles/picosim.dir/home/udo/work/z80pack/z80core/simz80.c.obj
 .text.op_ldhl  0x0000000010005fa0       0x14 CMakeFiles/picosim.dir/home/udo/work/z80pack/z80core/simz80.c.obj
 .text.op_ldhhl
                0x0000000010005fb4       0x24 CMakeFiles/picosim.dir/home/udo/work/z80pack/z80core/simz80.c.obj
 .text.op_ldla  0x0000000010005fd8       0x14 CMakeFiles/picosim.dir/home/udo/work/z80pack/z80core/simz80.c.obj
 .text.op_ldlb  0x0000000010005fec       0x14 CMakeFiles/picosim.dir/home/udo/work/z80pack/z80core/simz80.c.obj
 .text.op_ldlc  0x0000000010006000       0x14 CMakeFiles/picosim.dir/home/udo/work/z80pack/z80core/simz80.c.obj
 .text.op_ldld  0x0000000010006014       0x14 CMakeFiles/picosim.dir/home/udo/work/z80pack/z80core/simz80.c.obj
 .text.op_ldle  0x0000000010006028       0x14 CMakeFiles/picosim.dir/home/udo/work/z80pack/z80core/simz80.c.obj
 .text.op_ldlh  0x000000001000603c       0x14 CMakeFiles/picosim.dir/home/udo/work/z80pack/z80core/simz80.c.obj
 .text.op_ldlhl
                0x0000000010006050       0x24 CMakeFiles/picosim.dir/home/udo/work/z80pack/z80core/simz80.c.obj
 .text.op_ldbcnn
                0x0000000010006074       0x30 CMakeFiles/picosim.dir/home/udo/work/z80pack/z80core/simz80.c.obj
 .text.op_lddenn
                0x00000000100060a4       0x30 CMakeFiles/picosim.dir/home/udo/work/z80pack/z80core/simz80.c.obj
 .text.op_ldhlnn
                0x00000000100060d4       0x30 CMakeFiles/picosim.dir/home/udo/work/z80pack/z80core/simz80.c.obj
 .text.op_ldspnn
                0x0000000010006104       0x2c CMakeFiles/picosim.dir/home/udo/work/z80pack/z80core/simz80.c.obj
 .text.op_ldsphl
                0x0000000010006130       0x20 CMakeFiles/picosim.dir/home/udo/work/z80pack/z80core/simz80.c.obj
 .text.op_ldhlin
                0x0000000010006150       0x40 CMakeFiles/picosim.dir/home/udo/work/z80pack/z80core/simz80.c.obj
 .text.op_ldinhl
                0x0000000010006190       0x50 CMakeFiles/picosim.dir/home/udo/work/z80pack/z80core/simz80.c.obj
 .text.op_incsp
                0x00000000100061e0       0x10 CMakeFiles/picosim.dir/home/udo/work/z80pack/z80core/simz80.c.obj
 .text.op_decsp
                0x00000000100061f0       0x10 CMakeFiles/picosim.dir/home/udo/work/z80pack/z80core/simz80.c.obj
 .text.op_adhlbc
                0x0000000010006200       0x7c CMakeFiles/picosim.dir/home/udo/work/z80pack/z80core/simz80.c.obj
 .text.op_adhlde
                0x000000001000627c       0x7c CMakeFiles/picosim.dir/home/udo/work/z80pack/z80core/simz80.c.obj
 .text.op_adhlhl
                0x00000000100062f8       0x68 CMakeFiles/picosim.dir/home/udo/work/z80pack/z80core/simz80.c.obj
 .text.op_adhlsp
                0x0000000010006360       0x7c CMakeFiles/picosim.dir/home/udo/work/z80pack/z80core/simz80.c.obj
 .text.op_anda  0x00000000100063dc       0x60 CMakeFiles/picosim.dir/home/udo/work/z80pack/z80core/simz80.c.obj
 .text.op_andb  0x000000001000643c       0x68 CMakeFiles/picosim.dir/home/udo/work/z80pack/z80core/simz80.c.obj
 .text.op_andc  0x00000000100064a4       0x68 CMakeFiles/picosim.dir/home/udo/work/z80pack/z80core/simz80.c.obj
 .text.op_andd  0x000000001000650c       0x68 CMakeFiles/picosim.dir/home/udo/work/z80pack/z80core/simz80.c.obj
 .text.op_ande  0x0000000010006574       0x68 CMakeFiles/picosim.dir/home/udo/work/z80pack/z80core/simz80.c.obj
 .text.op_andh  0x00000000100065dc       0x68 CMakeFiles/picosim.dir/home/udo/work/z80pack/z80core/simz80.c.obj
 .text.op_andl  0x0000000010006644       0x68 CMakeFiles/picosim.dir/home/udo/work/z80pack/z80core/simz80.c.obj
 .text.op_andhl
                0x00000000100066ac       0x80 CMakeFiles/picosim.dir/home/udo/work/z80pack/z80core/simz80.c.obj
 .text.op_andn  0x000000001000672c       0x74 CMakeFiles/picosim.dir/home/udo/work/z80pack/z80core/simz80.c.obj
 .text.op_ora   0x00000000100067a0       0x5c CMakeFiles/picosim.dir/home/udo/work/z80pack/z80core/simz80.c.obj
 .text.op_orb   0x00000000100067fc       0x64 CMakeFiles/picosim.dir/home/udo/work/z80pack/z80core/simz80.c.obj
 .text.op_orc   0x0000000010006860       0x64 CMakeFiles/picosim.dir/home/udo/work/z80pack/z80core/simz80.c.obj
 .text.op_ord   0x00000000100068c4       0x64 CMakeFiles/picosim.dir/home/udo/work/z80pack/z80core/simz80.c.obj
 .text.op_ore   0x0000000010006928       0x64 CMakeFiles/picosim.dir/home/udo/work/z80pack/z80core/simz80.c.obj
 .text.op_orh   0x000000001000698c       0x64 CMakeFiles/picosim.dir/home/udo/work/z80pack/z80core/simz80.c.obj
 .text.op_orl   0x00000000100069f0       0x64 CMakeFiles/picosim.dir/home/udo/work/z80pack/z80core/simz80.c.obj
 .text.op_orhl  0x0000000010006a54       0x7c CMakeFiles/picosim.dir/home/udo/work/z80pack/z80core/simz80.c.obj
 .text.op_orn   0x0000000010006ad0       0x70 CMakeFiles/picosim.dir/home/udo/work/z80pack/z80core/simz80.c.obj
 .text.op_xora  0x0000000010006b40       0x24 CMakeFiles/picosim.dir/home/udo/work/z80pack/z80core/simz80.c.obj
 .text.op_xorb  0x0000000010006b64       0x68 CMakeFiles/picosim.dir/home/udo/work/z80pack/z80core/simz80.c.obj
 .text.op_xorc  0x0000000010006bcc       0x68 CMakeFiles/picosim.dir/home/udo/work/z80pack/z80core/simz80.c.obj
 .text.op_xord  0x0000000010006c34       0x68 CMakeFiles/picosim.dir/home/udo/work/z80pack/z80core/simz80.c.obj
 .text.op_xore  0x0000000010006c9c       0x68 CMakeFiles/picosim.dir/home/udo/work/z80pack/z80core/simz80.c.obj
 .text.op_xorh  0x0000000010006d04       0x68 CMakeFiles/picosim.dir/home/udo/work/z80pack/z80core/simz80.c.obj
 .text.op_xorl  0x0000000010006d6c       0x68 CMakeFiles/picosim.dir/home/udo/work/z80pack/z80core/simz80.c.obj
 .text.op_xorhl
                0x0000000010006dd4       0x80 CMakeFiles/picosim.dir/home/udo/work/z80pack/z80core/simz80.c.obj
 .text.op_xorn  0x0000000010006e54       0x74 CMakeFiles/picosim.dir/home/udo/work/z80pack/z80core/simz80.c.obj
 .text.op_adda  0x0000000010006ec8       0x90 CMakeFiles/picosim.dir/home/udo/work/z80pack/z80core/simz80.c.obj
 .text.op_addb  0x0000000010006f58       0x88 CMakeFiles/picosim.dir/home/udo/work/z80pack/z80core/simz80.c.obj
 .text.op_addc  0x0000000010006fe0       0x88 CMakeFiles/picosim.dir/home/udo/work/z80pack/z80core/simz80.c.obj
 .text.op_addd  0x0000000010007068       0x88 CMakeFiles/picosim.dir/home/udo/work/z80pack/z80core/simz80.c.obj
 .text.op_adde  0x00000000100070f0       0x88 CMakeFiles/picosim.dir/home/udo/work/z80pack/z80core/simz80.c.obj
 .text.op_addh  0x0000000010007178       0x88 CMakeFiles/picosim.dir/home/udo/work/z80pack/z80core/simz80.c.obj
 .text.op_addl  0x0000000010007200       0x88 CMakeFiles/picosim.dir/home/udo/work/z80pack/z80core/simz80.c.obj
 .text.op_addhl
                0x0000000010007288       0xa0 CMakeFiles/picosim.dir/home/udo/work/z80pack/z80core/simz80.c.obj
 .text.op_addn  0x0000000010007328       0x94 CMakeFiles/picosim.dir/home/udo/work/z80pack/z80core/simz80.c.obj
 .text.op_adca  0x00000000100073bc       0x80 CMakeFiles/picosim.dir/home/udo/work/z80pack/z80core/simz80.c.obj
 .text.op_adcb  0x000000001000743c       0x94 CMakeFiles/picosim.dir/home/udo/work/z80pack/z80core/simz80.c.obj
 .text.op_adcc  0x00000000100074d0       0x94 CMakeFiles/picosim.dir/home/udo/work/z80pack/z80core/simz80.c.obj
 .text.op_adcd  0x0000000010007564       0x94 CMakeFiles/picosim.dir/home/udo/work/z80pack/z80core/simz80.c.obj
 .text.op_adce  0x00000000100075f8       0x94 CMakeFiles/picosim.dir/home/udo/work/z80pack/z80core/simz80.c.obj
 .text.op_adch  0x000000001000768c       0x94 CMakeFiles/picosim.dir/home/udo/work/z80pack/z80core/simz80.c.obj
 .text.op_adcl  0x0000000010007720       0x94 CMakeFiles/picosim.dir/home/udo/work/z80pack/z80core/simz80.c.obj
 .text.op_adchl
                0x00000000100077b4       0xa8 CMakeFiles/picosim.dir/home/udo/work/z80pack/z80core/simz80.c.obj
 .text.op_adcn  0x000000001000785c       0x9c CMakeFiles/picosim.dir/home/udo/work/z80pack/z80core/simz80.c.obj
 .text.op_suba  0x00000000100078f8       0x24 CMakeFiles/picosim.dir/home/udo/work/z80pack/z80core/simz80.c.obj
 .text.op_subb  0x000000001000791c       0x84 CMakeFiles/picosim.dir/home/udo/work/z80pack/z80core/simz80.c.obj
 .text.op_subc  0x00000000100079a0       0x84 CMakeFiles/picosim.dir/home/udo/work/z80pack/z80core/simz80.c.obj
 .text.op_subd  0x0000000010007a24       0x84 CMakeFiles/picosim.dir/home/udo/work/z80pack/z80core/simz80.c.obj
 .text.op_sube  0x0000000010007aa8       0x84 CMakeFiles/picosim.dir/home/udo/work/z80pack/z80core/simz80.c.obj
 .text.op_subh  0x0000000010007b2c       0x84 CMakeFiles/picosim.dir/home/udo/work/z80pack/z80core/simz80.c.obj
 .text.op_subl  0x0000000010007bb0       0x84 CMakeFiles/picosim.dir/home/udo/work/z80pack/z80core/simz80.c.obj
 .text.op_subhl
                0x0000000010007c34       0x9c CMakeFiles/picosim.dir/home/udo/work/z80pack/z80core/simz80.c.obj
 .text.op_subn  0x0000000010007cd0       0x90 CMakeFiles/picosim.dir/home/udo/work/z80pack/z80core/simz80.c.obj
 .text.op_sbca  0x0000000010007d60       0x30 CMakeFiles/picosim.dir/home/udo/work/z80pack/z80core/simz80.c.obj
 .text.op_sbcb  0x0000000010007d90       0x90 CMakeFiles/picosim.dir/home/udo/work/z80pack/z80core/simz80.c.obj
 .text.op_sbcc  0x0000000010007e20       0x90 CMakeFiles/picosim.dir/home/udo/work/z80pack/z80core/simz80.c.obj
 .text.op_sbcd  0x0000000010007eb0       0x90 CMakeFiles/picosim.dir/home/udo/work/z80pack/z80core/simz80.c.obj
 .text.op_sbce  0x0000000010007f40       0x90 CMakeFiles/picosim.dir/home/udo/work/z80pack/z80core/simz80.c.obj
 .text.op_sbch  0x0000000010007fd0       0x90 CMakeFiles/picosim.dir/home/udo/work/z80pack/z80core/simz80.c.obj
 .text.op_sbcl  0x0000000010008060       0x90 CMakeFiles/picosim.dir/home/udo/work/z80pack/z80core/simz80.c.obj
 .text.op_sbchl
                0x00000000100080f0       0xa8 CMakeFiles/picosim.dir/home/udo/work/z80pack/z80core/simz80.c.obj
 .text.op_sbcn  0x0000000010008198       0x9c CMakeFiles/picosim.dir/home/udo/work/z80pack/z80core/simz80.c.obj
 .text.op_cpa   0x0000000010008234       0x18 CMakeFiles/picosim.dir/home/udo/work/z80pack/z80core/simz80.c.obj
 .text.op_cpb   0x000000001000824c       0x94 CMakeFiles/picosim.dir/home/udo/work/z80pack/z80core/simz80.c.obj
 .text.op_cpc   0x00000000100082e0       0x94 CMakeFiles/picosim.dir/home/udo/work/z80pack/z80core/simz80.c.obj
 .text.op_cpd   0x0000000010008374       0x94 CMakeFiles/picosim.dir/home/udo/work/z80pack/z80core/simz80.c.obj
 .text.op_cpe   0x0000000010008408       0x94 CMakeFiles/picosim.dir/home/udo/work/z80pack/z80core/simz80.c.obj
 .text.op_cph   0x000000001000849c       0x94 CMakeFiles/picosim.dir/home/udo/work/z80pack/z80core/simz80.c.obj
 .text.op_cplr  0x0000000010008530       0x94 CMakeFiles/picosim.dir/home/udo/work/z80pack/z80core/simz80.c.obj
 .text.op_cphl  0x00000000100085c4       0xac CMakeFiles/picosim.dir/home/udo/work/z80pack/z80core/simz80.c.obj
 .text.op_cpn   0x0000000010008670       0xa0 CMakeFiles/picosim.dir/home/udo/work/z80pack/z80core/simz80.c.obj
 .text.op_inca  0x0000000010008710       0x60 CMakeFiles/picosim.dir/home/udo/work/z80pack/z80core/simz80.c.obj
 .text.op_incb  0x0000000010008770       0x60 CMakeFiles/picosim.dir/home/udo/work/z80pack/z80core/simz80.c.obj
 .text.op_incc  0x00000000100087d0       0x60 CMakeFiles/picosim.dir/home/udo/work/z80pack/z80core/simz80.c.obj
 .text.op_incd  0x0000000010008830       0x60 CMakeFiles/picosim.dir/home/udo/work/z80pack/z80core/simz80.c.obj
 .text.op_ince  0x0000000010008890       0x60 CMakeFiles/picosim.dir/home/udo/work/z80pack/z80core/simz80.c.obj
 .text.op_inch  0x00000000100088f0       0x60 CMakeFiles/picosim.dir/home/udo/work/z80pack/z80core/simz80.c.obj
 .text.op_incl  0x0000000010008950       0x60 CMakeFiles/picosim.dir/home/udo/work/z80pack/z80core/simz80.c.obj
 .text.op_incihl
                0x00000000100089b0       0x80 CMakeFiles/picosim.dir/home/udo/work/z80pack/z80core/simz80.c.obj
 .text.op_deca  0x0000000010008a30       0x6c CMakeFiles/picosim.dir/home/udo/work/z80pack/z80core/simz80.c.obj
 .text.op_decb  0x0000000010008a9c       0x6c CMakeFiles/picosim.dir/home/udo/work/z80pack/z80core/simz80.c.obj
 .text.op_decc  0x0000000010008b08       0x6c CMakeFiles/picosim.dir/home/udo/work/z80pack/z80core/simz80.c.obj
 .text.op_decd  0x0000000010008b74       0x6c CMakeFiles/picosim.dir/home/udo/work/z80pack/z80core/simz80.c.obj
 .text.op_dece  0x0000000010008be0       0x6c CMakeFiles/picosim.dir/home/udo/work/z80pack/z80core/simz80.c.obj
 .text.op_dech  0x0000000010008c4c       0x6c CMakeFiles/picosim.dir/home/udo/work/z80pack/z80core/simz80.c.obj
 .text.op_decl  0x0000000010008cb8       0x6c CMakeFiles/picosim.dir/home/udo/work/z80pack/z80core/simz80.c.obj
 .text.op_decihl
                0x0000000010008d24       0x8c CMakeFiles/picosim.dir/home/udo/work/z80pack/z80core/simz80.c.obj
 .text.op_rlca  0x0000000010008db0       0x38 CMakeFiles/picosim.dir/home/udo/work/z80pack/z80core/simz80.c.obj
 .text.op_rrca  0x0000000010008de8       0x40 CMakeFiles/picosim.dir/home/udo/work/z80pack/z80core/simz80.c.obj
 .text.op_rla   0x0000000010008e28       0x40 CMakeFiles/picosim.dir/home/udo/work/z80pack/z80core/simz80.c.obj
 .text.op_rra   0x0000000010008e68       0x3c CMakeFiles/picosim.dir/home/udo/work/z80pack/z80core/simz80.c.obj
 .text.op_exdehl
                0x0000000010008ea4       0x2c CMakeFiles/picosim.dir/home/udo/work/z80pack/z80core/simz80.c.obj
 .text.op_exafaf
                0x0000000010008ed0       0x30 CMakeFiles/picosim.dir/home/udo/work/z80pack/z80core/simz80.c.obj
 .text.op_exx   0x0000000010008f00       0x7c CMakeFiles/picosim.dir/home/udo/work/z80pack/z80core/simz80.c.obj
 .text.op_exsphl
                0x0000000010008f7c       0x58 CMakeFiles/picosim.dir/home/udo/work/z80pack/z80core/simz80.c.obj
 .text.op_pushaf
                0x0000000010008fd4       0x44 CMakeFiles/picosim.dir/home/udo/work/z80pack/z80core/simz80.c.obj
 .text.op_pushbc
                0x0000000010009018       0x44 CMakeFiles/picosim.dir/home/udo/work/z80pack/z80core/simz80.c.obj
 .text.op_pushde
                0x000000001000905c       0x44 CMakeFiles/picosim.dir/home/udo/work/z80pack/z80core/simz80.c.obj
 .text.op_pushhl
                0x00000000100090a0       0x44 CMakeFiles/picosim.dir/home/udo/work/z80pack/z80core/simz80.c.obj
 .text.op_popaf
                0x00000000100090e4       0x30 CMakeFiles/picosim.dir/home/udo/work/z80pack/z80core/simz80.c.obj
 .text.op_popbc
                0x0000000010009114       0x30 CMakeFiles/picosim.dir/home/udo/work/z80pack/z80core/simz80.c.obj
 .text.op_popde
                0x0000000010009144       0x30 CMakeFiles/picosim.dir/home/udo/work/z80pack/z80core/simz80.c.obj
 .text.op_pophl
                0x0000000010009174       0x30 CMakeFiles/picosim.dir/home/udo/work/z80pack/z80core/simz80.c.obj
 .text.op_jp    0x00000000100091a4       0x20 CMakeFiles/picosim.dir/home/udo/work/z80pack/z80core/simz80.c.obj
 .text.op_jphl  0x00000000100091c4       0x20 CMakeFiles/picosim.dir/home/udo/work/z80pack/z80core/simz80.c.obj
 .text.op_jr    0x00000000100091e4       0x1c CMakeFiles/picosim.dir/home/udo/work/z80pack/z80core/simz80.c.obj
 .text.op_djnz  0x0000000010009200       0x38 CMakeFiles/picosim.dir/home/udo/work/z80pack/z80core/simz80.c.obj
 .text.op_call  0x0000000010009238       0x50 CMakeFiles/picosim.dir/home/udo/work/z80pack/z80core/simz80.c.obj
 .text.op_ret   0x0000000010009288       0x2c CMakeFiles/picosim.dir/home/udo/work/z80pack/z80core/simz80.c.obj
 .text.op_jpz   0x00000000100092b4       0x34 CMakeFiles/picosim.dir/home/udo/work/z80pack/z80core/simz80.c.obj
 .text.op_jpnz  0x00000000100092e8       0x34 CMakeFiles/picosim.dir/home/udo/work/z80pack/z80core/simz80.c.obj
 .text.op_jpc   0x000000001000931c       0x34 CMakeFiles/picosim.dir/home/udo/work/z80pack/z80core/simz80.c.obj
 .text.op_jpnc  0x0000000010009350       0x34 CMakeFiles/picosim.dir/home/udo/work/z80pack/z80core/simz80.c.obj
 .text.op_jppe  0x0000000010009384       0x34 CMakeFiles/picosim.dir/home/udo/work/z80pack/z80core/simz80.c.obj
 .text.op_jppo  0x00000000100093b8       0x34 CMakeFiles/picosim.dir/home/udo/work/z80pack/z80core/simz80.c.obj
 .text.op_jpm   0x00000000100093ec       0x34 CMakeFiles/picosim.dir/home/udo/work/z80pack/z80core/simz80.c.obj
 .text.op_jpp   0x0000000010009420       0x34 CMakeFiles/picosim.dir/home/udo/work/z80pack/z80core/simz80.c.obj
 .text.op_calz  0x0000000010009454       0x6c CMakeFiles/picosim.dir/home/udo/work/z80pack/z80core/simz80.c.obj
 .text.op_calnz
                0x00000000100094c0       0x6c CMakeFiles/picosim.dir/home/udo/work/z80pack/z80core/simz80.c.obj
 .text.op_calc  0x000000001000952c       0x6c CMakeFiles/picosim.dir/home/udo/work/z80pack/z80core/simz80.c.obj
 .text.op_calnc
                0x0000000010009598       0x6c CMakeFiles/picosim.dir/home/udo/work/z80pack/z80core/simz80.c.obj
 .text.op_calpe
                0x0000000010009604       0x6c CMakeFiles/picosim.dir/home/udo/work/z80pack/z80core/simz80.c.obj
 .text.op_calpo
                0x0000000010009670       0x6c CMakeFiles/picosim.dir/home/udo/work/z80pack/z80core/simz80.c.obj
 .text.op_calm  0x00000000100096dc       0x6c CMakeFiles/picosim.dir/home/udo/work/z80pack/z80core/simz80.c.obj
 .text.op_calp  0x0000000010009748       0x6c CMakeFiles/picosim.dir/home/udo/work/z80pack/z80core/simz80.c.obj
 .text.op_jrz   0x00000000100097b4       0x30 CMakeFiles/picosim.dir/home/udo/work/z80pack/z80core/simz80.c.obj
 .text.op_jrnz  0x00000000100097e4       0x30 CMakeFiles/picosim.dir/home/udo/work/z80pack/z80core/simz80.c.obj
 .text.op_jrc   0x0000000010009814       0x30 CMakeFiles/picosim.dir/home/udo/work/z80pack/z80core/simz80.c.obj
 .text.op_jrnc  0x0000000010009844       0x30 CMakeFiles/picosim.dir/home/udo/work/z80pack/z80core/simz80.c.obj
 .text.op_rst00
                0x0000000010009874       0x44 CMakeFiles/picosim.dir/home/udo/work/z80pack/z80core/simz80.c.obj
 .text.op_rst08
                0x00000000100098b8       0x44 CMakeFiles/picosim.dir/home/udo/work/z80pack/z80core/simz80.c.obj
 .text.op_rst10
                0x00000000100098fc       0x44 CMakeFiles/picosim.dir/home/udo/work/z80pack/z80core/simz80.c.obj
 .text.op_rst18
                0x0000000010009940       0x44 CMakeFiles/picosim.dir/home/udo/work/z80pack/z80core/simz80.c.obj
 .text.op_rst20
                0x0000000010009984       0x44 CMakeFiles/picosim.dir/home/udo/work/z80pack/z80core/simz80.c.obj
 .text.op_rst28
                0x00000000100099c8       0x44 CMakeFiles/picosim.dir/home/udo/work/z80pack/z80core/simz80.c.obj
 .text.op_rst30
                0x0000000010009a0c       0x44 CMakeFiles/picosim.dir/home/udo/work/z80pack/z80core/simz80.c.obj
 .text.op_rst38
                0x0000000010009a50       0x44 CMakeFiles/picosim.dir/home/udo/work/z80pack/z80core/simz80.c.obj
 .text.op_in    0x0000000010009a94       0x28 CMakeFiles/picosim.dir/home/udo/work/z80pack/z80core/simz80.c.obj
 .text.op_out   0x0000000010009abc       0x28 CMakeFiles/picosim.dir/home/udo/work/z80pack/z80core/simz80.c.obj
 .text.op_halt  0x0000000010009ae4       0xa0 CMakeFiles/picosim.dir/home/udo/work/z80pack/z80core/simz80.c.obj
 .text.op_incbc
                0x0000000010009b84       0x24 CMakeFiles/picosim.dir/home/udo/work/z80pack/z80core/simz80.c.obj
 .text.op_incde
                0x0000000010009ba8       0x24 CMakeFiles/picosim.dir/home/udo/work/z80pack/z80core/simz80.c.obj
 .text.op_inchl
                0x0000000010009bcc       0x24 CMakeFiles/picosim.dir/home/udo/work/z80pack/z80core/simz80.c.obj
 .text.op_decbc
                0x0000000010009bf0       0x24 CMakeFiles/picosim.dir/home/udo/work/z80pack/z80core/simz80.c.obj
 .text.op_decde
                0x0000000010009c14       0x24 CMakeFiles/picosim.dir/home/udo/work/z80pack/z80core/simz80.c.obj
 .text.op_dechl
                0x0000000010009c38       0x24 CMakeFiles/picosim.dir/home/udo/work/z80pack/z80core/simz80.c.obj
 .text.op_retpo
                0x0000000010009c5c       0x3c CMakeFiles/picosim.dir/home/udo/work/z80pack/z80core/simz80.c.obj
 .text.op_ldll  0x0000000010009c98        0x4 CMakeFiles/picosim.dir/home/udo/work/z80pack/z80core/simz80.c.obj
 .text.op_ldaa  0x0000000010009c9c        0x4 CMakeFiles/picosim.dir/home/udo/work/z80pack/z80core/simz80.c.obj
 .text.op_ldbb  0x0000000010009ca0        0x4 CMakeFiles/picosim.dir/home/udo/work/z80pack/z80core/simz80.c.obj
 .text.op_ldcc  0x0000000010009ca4        0x4 CMakeFiles/picosim.dir/home/udo/work/z80pack/z80core/simz80.c.obj
 .text.op_lddd  0x0000000010009ca8        0x4 CMakeFiles/picosim.dir/home/udo/work/z80pack/z80core/simz80.c.obj
 .text.op_ldee  0x0000000010009cac        0x4 CMakeFiles/picosim.dir/home/udo/work/z80pack/z80core/simz80.c.obj
 .text.op_ldhh  0x0000000010009cb0        0x4 CMakeFiles/picosim.dir/home/udo/work/z80pack/z80core/simz80.c.obj
 .text.op_retm  0x0000000010009cb4       0x3c CMakeFiles/picosim.dir/home/udo/work/z80pack/z80core/simz80.c.obj
 .text.op_retp  0x0000000010009cf0       0x3c CMakeFiles/picosim.dir/home/udo/work/z80pack/z80core/simz80.c.obj
 .text.op_retz  0x0000000010009d2c       0x3c CMakeFiles/picosim.dir/home/udo/work/z80pack/z80core/simz80.c.obj
 .text.op_retnz
                0x0000000010009d68       0x3c CMakeFiles/picosim.dir/home/udo/work/z80pack/z80core/simz80.c.obj
 .text.op_retc  0x0000000010009da4       0x3c CMakeFiles/picosim.dir/home/udo/work/z80pack/z80core/simz80.c.obj
 .text.op_retnc
                0x0000000010009de0       0x3c CMakeFiles/picosim.dir/home/udo/work/z80pack/z80core/simz80.c.obj
 .text.op_retpe
                0x0000000010009e1c       0x3c CMakeFiles/picosim.dir/home/udo/work/z80pack/z80core/simz80.c.obj
 .text.cpu_z80  0x0000000010009e58      0x4f4 CMakeFiles/picosim.dir/home/udo/work/z80pack/z80core/simz80.c.obj
                0x0000000010009e58                cpu_z80
 .text.op_slahl
                0x000000001000a34c       0x90 CMakeFiles/picosim.dir/home/udo/work/z80pack/z80core/simz80-cb.c.obj
 .text.op_rlra  0x000000001000a3dc       0x80 CMakeFiles/picosim.dir/home/udo/work/z80pack/z80core/simz80-cb.c.obj
 .text.op_rlb   0x000000001000a45c       0x80 CMakeFiles/picosim.dir/home/udo/work/z80pack/z80core/simz80-cb.c.obj
 .text.op_rlc   0x000000001000a4dc       0x80 CMakeFiles/picosim.dir/home/udo/work/z80pack/z80core/simz80-cb.c.obj
 .text.op_rld   0x000000001000a55c       0x80 CMakeFiles/picosim.dir/home/udo/work/z80pack/z80core/simz80-cb.c.obj
 .text.op_rle   0x000000001000a5dc       0x80 CMakeFiles/picosim.dir/home/udo/work/z80pack/z80core/simz80-cb.c.obj
 .text.op_rlh   0x000000001000a65c       0x80 CMakeFiles/picosim.dir/home/udo/work/z80pack/z80core/simz80-cb.c.obj
 .text.op_rll   0x000000001000a6dc       0x80 CMakeFiles/picosim.dir/home/udo/work/z80pack/z80core/simz80-cb.c.obj
 .text.op_rlhl  0x000000001000a75c       0xa0 CMakeFiles/picosim.dir/home/udo/work/z80pack/z80core/simz80-cb.c.obj
 .text.op_rrra  0x000000001000a7fc       0x80 CMakeFiles/picosim.dir/home/udo/work/z80pack/z80core/simz80-cb.c.obj
 .text.op_rrb   0x000000001000a87c       0x80 CMakeFiles/picosim.dir/home/udo/work/z80pack/z80core/simz80-cb.c.obj
 .text.op_rrc   0x000000001000a8fc       0x80 CMakeFiles/picosim.dir/home/udo/work/z80pack/z80core/simz80-cb.c.obj
 .text.op_rrd   0x000000001000a97c       0x80 CMakeFiles/picosim.dir/home/udo/work/z80pack/z80core/simz80-cb.c.obj
 .text.op_rre   0x000000001000a9fc       0x80 CMakeFiles/picosim.dir/home/udo/work/z80pack/z80core/simz80-cb.c.obj
 .text.op_rrh   0x000000001000aa7c       0x80 CMakeFiles/picosim.dir/home/udo/work/z80pack/z80core/simz80-cb.c.obj
 .text.op_rrl   0x000000001000aafc       0x80 CMakeFiles/picosim.dir/home/udo/work/z80pack/z80core/simz80-cb.c.obj
 .text.op_rrhl  0x000000001000ab7c       0xbc CMakeFiles/picosim.dir/home/udo/work/z80pack/z80core/simz80-cb.c.obj
 .text.op_rrcra
                0x000000001000ac38       0x70 CMakeFiles/picosim.dir/home/udo/work/z80pack/z80core/simz80-cb.c.obj
 .text.op_rrcb  0x000000001000aca8       0x70 CMakeFiles/picosim.dir/home/udo/work/z80pack/z80core/simz80-cb.c.obj
 .text.op_rrcc  0x000000001000ad18       0x70 CMakeFiles/picosim.dir/home/udo/work/z80pack/z80core/simz80-cb.c.obj
 .text.op_rrcd  0x000000001000ad88       0x70 CMakeFiles/picosim.dir/home/udo/work/z80pack/z80core/simz80-cb.c.obj
 .text.op_rrce  0x000000001000adf8       0x70 CMakeFiles/picosim.dir/home/udo/work/z80pack/z80core/simz80-cb.c.obj
 .text.op_rrch  0x000000001000ae68       0x70 CMakeFiles/picosim.dir/home/udo/work/z80pack/z80core/simz80-cb.c.obj
 .text.op_rrcl  0x000000001000aed8       0x70 CMakeFiles/picosim.dir/home/udo/work/z80pack/z80core/simz80-cb.c.obj
 .text.op_rrchl
                0x000000001000af48       0xb4 CMakeFiles/picosim.dir/home/udo/work/z80pack/z80core/simz80-cb.c.obj
 .text.op_rlcra
                0x000000001000affc       0x80 CMakeFiles/picosim.dir/home/udo/work/z80pack/z80core/simz80-cb.c.obj
 .text.op_rlcb  0x000000001000b07c       0x80 CMakeFiles/picosim.dir/home/udo/work/z80pack/z80core/simz80-cb.c.obj
 .text.op_rlcc  0x000000001000b0fc       0x80 CMakeFiles/picosim.dir/home/udo/work/z80pack/z80core/simz80-cb.c.obj
 .text.op_rlcd  0x000000001000b17c       0x80 CMakeFiles/picosim.dir/home/udo/work/z80pack/z80core/simz80-cb.c.obj
 .text.op_rlce  0x000000001000b1fc       0x80 CMakeFiles/picosim.dir/home/udo/work/z80pack/z80core/simz80-cb.c.obj
 .text.op_rlch  0x000000001000b27c       0x80 CMakeFiles/picosim.dir/home/udo/work/z80pack/z80core/simz80-cb.c.obj
 .text.op_rlcl  0x000000001000b2fc       0x80 CMakeFiles/picosim.dir/home/udo/work/z80pack/z80core/simz80-cb.c.obj
 .text.op_rlchl
                0x000000001000b37c       0xa4 CMakeFiles/picosim.dir/home/udo/work/z80pack/z80core/simz80-cb.c.obj
 .text.op_srahl
                0x000000001000b420       0x90 CMakeFiles/picosim.dir/home/udo/work/z80pack/z80core/simz80-cb.c.obj
 .text.op_sb0a  0x000000001000b4b0       0x14 CMakeFiles/picosim.dir/home/udo/work/z80pack/z80core/simz80-cb.c.obj
 .text.op_sb1a  0x000000001000b4c4       0x14 CMakeFiles/picosim.dir/home/udo/work/z80pack/z80core/simz80-cb.c.obj
 .text.op_sb2a  0x000000001000b4d8       0x14 CMakeFiles/picosim.dir/home/udo/work/z80pack/z80core/simz80-cb.c.obj
 .text.op_sb3a  0x000000001000b4ec       0x14 CMakeFiles/picosim.dir/home/udo/work/z80pack/z80core/simz80-cb.c.obj
 .text.op_sb4a  0x000000001000b500       0x14 CMakeFiles/picosim.dir/home/udo/work/z80pack/z80core/simz80-cb.c.obj
 .text.op_sb5a  0x000000001000b514       0x14 CMakeFiles/picosim.dir/home/udo/work/z80pack/z80core/simz80-cb.c.obj
 .text.op_sb6a  0x000000001000b528       0x14 CMakeFiles/picosim.dir/home/udo/work/z80pack/z80core/simz80-cb.c.obj
 .text.op_sb7a  0x000000001000b53c       0x14 CMakeFiles/picosim.dir/home/udo/work/z80pack/z80core/simz80-cb.c.obj
 .text.op_sb0b  0x000000001000b550       0x14 CMakeFiles/picosim.dir/home/udo/work/z80pack/z80core/simz80-cb.c.obj
 .text.op_sb1b  0x000000001000b564       0x14 CMakeFiles/picosim.dir/home/udo/work/z80pack/z80core/simz80-cb.c.obj
 .text.op_sb2b  0x000000001000b578       0x14 CMakeFiles/picosim.dir/home/udo/work/z80pack/z80core/simz80-cb.c.obj
 .text.op_sb3b  0x000000001000b58c       0x14 CMakeFiles/picosim.dir/home/udo/work/z80pack/z80core/simz80-cb.c.obj
 .text.op_sb4b  0x000000001000b5a0       0x14 CMakeFiles/picosim.dir/home/udo/work/z80pack/z80core/simz80-cb.c.obj
 .text.op_sb5b  0x000000001000b5b4       0x14 CMakeFiles/picosim.dir/home/udo/work/z80pack/z80core/simz80-cb.c.obj
 .text.op_sb6b  0x000000001000b5c8       0x14 CMakeFiles/picosim.dir/home/udo/work/z80pack/z80core/simz80-cb.c.obj
 .text.op_sb7b  0x000000001000b5dc       0x14 CMakeFiles/picosim.dir/home/udo/work/z80pack/z80core/simz80-cb.c.obj
 .text.op_sb0c  0x000000001000b5f0       0x14 CMakeFiles/picosim.dir/home/udo/work/z80pack/z80core/simz80-cb.c.obj
 .text.op_sb1c  0x000000001000b604       0x14 CMakeFiles/picosim.dir/home/udo/work/z80pack/z80core/simz80-cb.c.obj
 .text.op_sb2c  0x000000001000b618       0x14 CMakeFiles/picosim.dir/home/udo/work/z80pack/z80core/simz80-cb.c.obj
 .text.op_sb3c  0x000000001000b62c       0x14 CMakeFiles/picosim.dir/home/udo/work/z80pack/z80core/simz80-cb.c.obj
 .text.op_sb4c  0x000000001000b640       0x14 CMakeFiles/picosim.dir/home/udo/work/z80pack/z80core/simz80-cb.c.obj
 .text.op_sb5c  0x000000001000b654       0x14 CMakeFiles/picosim.dir/home/udo/work/z80pack/z80core/simz80-cb.c.obj
 .text.op_sb6c  0x000000001000b668       0x14 CMakeFiles/picosim.dir/home/udo/work/z80pack/z80core/simz80-cb.c.obj
 .text.op_sb7c  0x000000001000b67c       0x14 CMakeFiles/picosim.dir/home/udo/work/z80pack/z80core/simz80-cb.c.obj
 .text.op_sb0d  0x000000001000b690       0x14 CMakeFiles/picosim.dir/home/udo/work/z80pack/z80core/simz80-cb.c.obj
 .text.op_sb1d  0x000000001000b6a4       0x14 CMakeFiles/picosim.dir/home/udo/work/z80pack/z80core/simz80-cb.c.obj
 .text.op_sb2d  0x000000001000b6b8       0x14 CMakeFiles/picosim.dir/home/udo/work/z80pack/z80core/simz80-cb.c.obj
 .text.op_sb3d  0x000000001000b6cc       0x14 CMakeFiles/picosim.dir/home/udo/work/z80pack/z80core/simz80-cb.c.obj
 .text.op_sb4d  0x000000001000b6e0       0x14 CMakeFiles/picosim.dir/home/udo/work/z80pack/z80core/simz80-cb.c.obj
 .text.op_sb5d  0x000000001000b6f4       0x14 CMakeFiles/picosim.dir/home/udo/work/z80pack/z80core/simz80-cb.c.obj
 .text.op_sb6d  0x000000001000b708       0x14 CMakeFiles/picosim.dir/home/udo/work/z80pack/z80core/simz80-cb.c.obj
 .text.op_sb7d  0x000000001000b71c       0x14 CMakeFiles/picosim.dir/home/udo/work/z80pack/z80core/simz80-cb.c.obj
 .text.op_sb0e  0x000000001000b730       0x14 CMakeFiles/picosim.dir/home/udo/work/z80pack/z80core/simz80-cb.c.obj
 .text.op_sb1e  0x000000001000b744       0x14 CMakeFiles/picosim.dir/home/udo/work/z80pack/z80core/simz80-cb.c.obj
 .text.op_sb2e  0x000000001000b758       0x14 CMakeFiles/picosim.dir/home/udo/work/z80pack/z80core/simz80-cb.c.obj
 .text.op_sb3e  0x000000001000b76c       0x14 CMakeFiles/picosim.dir/home/udo/work/z80pack/z80core/simz80-cb.c.obj
 .text.op_sb4e  0x000000001000b780       0x14 CMakeFiles/picosim.dir/home/udo/work/z80pack/z80core/simz80-cb.c.obj
 .text.op_sb5e  0x000000001000b794       0x14 CMakeFiles/picosim.dir/home/udo/work/z80pack/z80core/simz80-cb.c.obj
 .text.op_sb6e  0x000000001000b7a8       0x14 CMakeFiles/picosim.dir/home/udo/work/z80pack/z80core/simz80-cb.c.obj
 .text.op_sb7e  0x000000001000b7bc       0x14 CMakeFiles/picosim.dir/home/udo/work/z80pack/z80core/simz80-cb.c.obj
 .text.op_sb0h  0x000000001000b7d0       0x14 CMakeFiles/picosim.dir/home/udo/work/z80pack/z80core/simz80-cb.c.obj
 .text.op_sb1h  0x000000001000b7e4       0x14 CMakeFiles/picosim.dir/home/udo/work/z80pack/z80core/simz80-cb.c.obj
 .text.op_sb2h  0x000000001000b7f8       0x14 CMakeFiles/picosim.dir/home/udo/work/z80pack/z80core/simz80-cb.c.obj
 .text.op_sb3h  0x000000001000b80c       0x14 CMakeFiles/picosim.dir/home/udo/work/z80pack/z80core/simz80-cb.c.obj
 .text.op_sb4h  0x000000001000b820       0x14 CMakeFiles/picosim.dir/home/udo/work/z80pack/z80core/simz80-cb.c.obj
 .text.op_sb5h  0x000000001000b834       0x14 CMakeFiles/picosim.dir/home/udo/work/z80pack/z80core/simz80-cb.c.obj
 .text.op_sb6h  0x000000001000b848       0x14 CMakeFiles/picosim.dir/home/udo/work/z80pack/z80core/simz80-cb.c.obj
 .text.op_sb7h  0x000000001000b85c       0x14 CMakeFiles/picosim.dir/home/udo/work/z80pack/z80core/simz80-cb.c.obj
 .text.op_sb0l  0x000000001000b870       0x14 CMakeFiles/picosim.dir/home/udo/work/z80pack/z80core/simz80-cb.c.obj
 .text.op_sb1l  0x000000001000b884       0x14 CMakeFiles/picosim.dir/home/udo/work/z80pack/z80core/simz80-cb.c.obj
 .text.op_sb2l  0x000000001000b898       0x14 CMakeFiles/picosim.dir/home/udo/work/z80pack/z80core/simz80-cb.c.obj
 .text.op_sb3l  0x000000001000b8ac       0x14 CMakeFiles/picosim.dir/home/udo/work/z80pack/z80core/simz80-cb.c.obj
 .text.op_sb4l  0x000000001000b8c0       0x14 CMakeFiles/picosim.dir/home/udo/work/z80pack/z80core/simz80-cb.c.obj
 .text.op_sb5l  0x000000001000b8d4       0x14 CMakeFiles/picosim.dir/home/udo/work/z80pack/z80core/simz80-cb.c.obj
 .text.op_sb6l  0x000000001000b8e8       0x14 CMakeFiles/picosim.dir/home/udo/work/z80pack/z80core/simz80-cb.c.obj
 .text.op_sb7l  0x000000001000b8fc       0x14 CMakeFiles/picosim.dir/home/udo/work/z80pack/z80core/simz80-cb.c.obj
 .text.op_sb0hl
                0x000000001000b910       0x34 CMakeFiles/picosim.dir/home/udo/work/z80pack/z80core/simz80-cb.c.obj
 .text.op_sb1hl
                0x000000001000b944       0x34 CMakeFiles/picosim.dir/home/udo/work/z80pack/z80core/simz80-cb.c.obj
 .text.op_sb2hl
                0x000000001000b978       0x34 CMakeFiles/picosim.dir/home/udo/work/z80pack/z80core/simz80-cb.c.obj
 .text.op_sb3hl
                0x000000001000b9ac       0x34 CMakeFiles/picosim.dir/home/udo/work/z80pack/z80core/simz80-cb.c.obj
 .text.op_sb4hl
                0x000000001000b9e0       0x34 CMakeFiles/picosim.dir/home/udo/work/z80pack/z80core/simz80-cb.c.obj
 .text.op_sb5hl
                0x000000001000ba14       0x34 CMakeFiles/picosim.dir/home/udo/work/z80pack/z80core/simz80-cb.c.obj
 .text.op_sb6hl
                0x000000001000ba48       0x34 CMakeFiles/picosim.dir/home/udo/work/z80pack/z80core/simz80-cb.c.obj
 .text.op_sb7hl
                0x000000001000ba7c       0x34 CMakeFiles/picosim.dir/home/udo/work/z80pack/z80core/simz80-cb.c.obj
 .text.op_rb0a  0x000000001000bab0       0x14 CMakeFiles/picosim.dir/home/udo/work/z80pack/z80core/simz80-cb.c.obj
 .text.op_rb1a  0x000000001000bac4       0x14 CMakeFiles/picosim.dir/home/udo/work/z80pack/z80core/simz80-cb.c.obj
 .text.op_rb2a  0x000000001000bad8       0x14 CMakeFiles/picosim.dir/home/udo/work/z80pack/z80core/simz80-cb.c.obj
 .text.op_rb3a  0x000000001000baec       0x14 CMakeFiles/picosim.dir/home/udo/work/z80pack/z80core/simz80-cb.c.obj
 .text.op_rb4a  0x000000001000bb00       0x14 CMakeFiles/picosim.dir/home/udo/work/z80pack/z80core/simz80-cb.c.obj
 .text.op_rb5a  0x000000001000bb14       0x14 CMakeFiles/picosim.dir/home/udo/work/z80pack/z80core/simz80-cb.c.obj
 .text.op_rb6a  0x000000001000bb28       0x14 CMakeFiles/picosim.dir/home/udo/work/z80pack/z80core/simz80-cb.c.obj
 .text.op_rb7a  0x000000001000bb3c       0x14 CMakeFiles/picosim.dir/home/udo/work/z80pack/z80core/simz80-cb.c.obj
 .text.op_rb0b  0x000000001000bb50       0x14 CMakeFiles/picosim.dir/home/udo/work/z80pack/z80core/simz80-cb.c.obj
 .text.op_rb1b  0x000000001000bb64       0x14 CMakeFiles/picosim.dir/home/udo/work/z80pack/z80core/simz80-cb.c.obj
 .text.op_rb2b  0x000000001000bb78       0x14 CMakeFiles/picosim.dir/home/udo/work/z80pack/z80core/simz80-cb.c.obj
 .text.op_rb3b  0x000000001000bb8c       0x14 CMakeFiles/picosim.dir/home/udo/work/z80pack/z80core/simz80-cb.c.obj
 .text.op_rb4b  0x000000001000bba0       0x14 CMakeFiles/picosim.dir/home/udo/work/z80pack/z80core/simz80-cb.c.obj
 .text.op_rb5b  0x000000001000bbb4       0x14 CMakeFiles/picosim.dir/home/udo/work/z80pack/z80core/simz80-cb.c.obj
 .text.op_rb6b  0x000000001000bbc8       0x14 CMakeFiles/picosim.dir/home/udo/work/z80pack/z80core/simz80-cb.c.obj
 .text.op_rb7b  0x000000001000bbdc       0x14 CMakeFiles/picosim.dir/home/udo/work/z80pack/z80core/simz80-cb.c.obj
 .text.op_rb0c  0x000000001000bbf0       0x14 CMakeFiles/picosim.dir/home/udo/work/z80pack/z80core/simz80-cb.c.obj
 .text.op_rb1c  0x000000001000bc04       0x14 CMakeFiles/picosim.dir/home/udo/work/z80pack/z80core/simz80-cb.c.obj
 .text.op_rb2c  0x000000001000bc18       0x14 CMakeFiles/picosim.dir/home/udo/work/z80pack/z80core/simz80-cb.c.obj
 .text.op_rb3c  0x000000001000bc2c       0x14 CMakeFiles/picosim.dir/home/udo/work/z80pack/z80core/simz80-cb.c.obj
 .text.op_rb4c  0x000000001000bc40       0x14 CMakeFiles/picosim.dir/home/udo/work/z80pack/z80core/simz80-cb.c.obj
 .text.op_rb5c  0x000000001000bc54       0x14 CMakeFiles/picosim.dir/home/udo/work/z80pack/z80core/simz80-cb.c.obj
 .text.op_rb6c  0x000000001000bc68       0x14 CMakeFiles/picosim.dir/home/udo/work/z80pack/z80core/simz80-cb.c.obj
 .text.op_rb7c  0x000000001000bc7c       0x14 CMakeFiles/picosim.dir/home/udo/work/z80pack/z80core/simz80-cb.c.obj
 .text.op_rb0d  0x000000001000bc90       0x14 CMakeFiles/picosim.dir/home/udo/work/z80pack/z80core/simz80-cb.c.obj
 .text.op_rb1d  0x000000001000bca4       0x14 CMakeFiles/picosim.dir/home/udo/work/z80pack/z80core/simz80-cb.c.obj
 .text.op_rb2d  0x000000001000bcb8       0x14 CMakeFiles/picosim.dir/home/udo/work/z80pack/z80core/simz80-cb.c.obj
 .text.op_rb3d  0x000000001000bccc       0x14 CMakeFiles/picosim.dir/home/udo/work/z80pack/z80core/simz80-cb.c.obj
 .text.op_rb4d  0x000000001000bce0       0x14 CMakeFiles/picosim.dir/home/udo/work/z80pack/z80core/simz80-cb.c.obj
 .text.op_rb5d  0x000000001000bcf4       0x14 CMakeFiles/picosim.dir/home/udo/work/z80pack/z80core/simz80-cb.c.obj
 .text.op_rb6d  0x000000001000bd08       0x14 CMakeFiles/picosim.dir/home/udo/work/z80pack/z80core/simz80-cb.c.obj
 .text.op_rb7d  0x000000001000bd1c       0x14 CMakeFiles/picosim.dir/home/udo/work/z80pack/z80core/simz80-cb.c.obj
 .text.op_rb0e  0x000000001000bd30       0x14 CMakeFiles/picosim.dir/home/udo/work/z80pack/z80core/simz80-cb.c.obj
 .text.op_rb1e  0x000000001000bd44       0x14 CMakeFiles/picosim.dir/home/udo/work/z80pack/z80core/simz80-cb.c.obj
 .text.op_rb2e  0x000000001000bd58       0x14 CMakeFiles/picosim.dir/home/udo/work/z80pack/z80core/simz80-cb.c.obj
 .text.op_rb3e  0x000000001000bd6c       0x14 CMakeFiles/picosim.dir/home/udo/work/z80pack/z80core/simz80-cb.c.obj
 .text.op_rb4e  0x000000001000bd80       0x14 CMakeFiles/picosim.dir/home/udo/work/z80pack/z80core/simz80-cb.c.obj
 .text.op_rb5e  0x000000001000bd94       0x14 CMakeFiles/picosim.dir/home/udo/work/z80pack/z80core/simz80-cb.c.obj
 .text.op_rb6e  0x000000001000bda8       0x14 CMakeFiles/picosim.dir/home/udo/work/z80pack/z80core/simz80-cb.c.obj
 .text.op_rb7e  0x000000001000bdbc       0x14 CMakeFiles/picosim.dir/home/udo/work/z80pack/z80core/simz80-cb.c.obj
 .text.op_rb0h  0x000000001000bdd0       0x14 CMakeFiles/picosim.dir/home/udo/work/z80pack/z80core/simz80-cb.c.obj
 .text.op_rb1h  0x000000001000bde4       0x14 CMakeFiles/picosim.dir/home/udo/work/z80pack/z80core/simz80-cb.c.obj
 .text.op_rb2h  0x000000001000bdf8       0x14 CMakeFiles/picosim.dir/home/udo/work/z80pack/z80core/simz80-cb.c.obj
 .text.op_rb3h  0x000000001000be0c       0x14 CMakeFiles/picosim.dir/home/udo/work/z80pack/z80core/simz80-cb.c.obj
 .text.op_rb4h  0x000000001000be20       0x14 CMakeFiles/picosim.dir/home/udo/work/z80pack/z80core/simz80-cb.c.obj
 .text.op_rb5h  0x000000001000be34       0x14 CMakeFiles/picosim.dir/home/udo/work/z80pack/z80core/simz80-cb.c.obj
 .text.op_rb6h  0x000000001000be48       0x14 CMakeFiles/picosim.dir/home/udo/work/z80pack/z80core/simz80-cb.c.obj
 .text.op_rb7h  0x000000001000be5c       0x14 CMakeFiles/picosim.dir/home/udo/work/z80pack/z80core/simz80-cb.c.obj
 .text.op_rb0l  0x000000001000be70       0x14 CMakeFiles/picosim.dir/home/udo/work/z80pack/z80core/simz80-cb.c.obj
 .text.op_rb1l  0x000000001000be84       0x14 CMakeFiles/picosim.dir/home/udo/work/z80pack/z80core/simz80-cb.c.obj
 .text.op_rb2l  0x000000001000be98       0x14 CMakeFiles/picosim.dir/home/udo/work/z80pack/z80core/simz80-cb.c.obj
 .text.op_rb3l  0x000000001000beac       0x14 CMakeFiles/picosim.dir/home/udo/work/z80pack/z80core/simz80-cb.c.obj
 .text.op_rb4l  0x000000001000bec0       0x14 CMakeFiles/picosim.dir/home/udo/work/z80pack/z80core/simz80-cb.c.obj
 .text.op_rb5l  0x000000001000bed4       0x14 CMakeFiles/picosim.dir/home/udo/work/z80pack/z80core/simz80-cb.c.obj
 .text.op_rb6l  0x000000001000bee8       0x14 CMakeFiles/picosim.dir/home/udo/work/z80pack/z80core/simz80-cb.c.obj
 .text.op_rb7l  0x000000001000befc       0x14 CMakeFiles/picosim.dir/home/udo/work/z80pack/z80core/simz80-cb.c.obj
 .text.op_rb0hl
                0x000000001000bf10       0x34 CMakeFiles/picosim.dir/home/udo/work/z80pack/z80core/simz80-cb.c.obj
 .text.op_rb1hl
                0x000000001000bf44       0x34 CMakeFiles/picosim.dir/home/udo/work/z80pack/z80core/simz80-cb.c.obj
 .text.op_rb2hl
                0x000000001000bf78       0x34 CMakeFiles/picosim.dir/home/udo/work/z80pack/z80core/simz80-cb.c.obj
 .text.op_rb3hl
                0x000000001000bfac       0x34 CMakeFiles/picosim.dir/home/udo/work/z80pack/z80core/simz80-cb.c.obj
 .text.op_rb4hl
                0x000000001000bfe0       0x34 CMakeFiles/picosim.dir/home/udo/work/z80pack/z80core/simz80-cb.c.obj
 .text.op_rb5hl
                0x000000001000c014       0x34 CMakeFiles/picosim.dir/home/udo/work/z80pack/z80core/simz80-cb.c.obj
 .text.op_rb6hl
                0x000000001000c048       0x34 CMakeFiles/picosim.dir/home/udo/work/z80pack/z80core/simz80-cb.c.obj
 .text.op_rb7hl
                0x000000001000c07c       0x34 CMakeFiles/picosim.dir/home/udo/work/z80pack/z80core/simz80-cb.c.obj
 .text.op_tb0a  0x000000001000c0b0       0x2c CMakeFiles/picosim.dir/home/udo/work/z80pack/z80core/simz80-cb.c.obj
 .text.op_tb1a  0x000000001000c0dc       0x2c CMakeFiles/picosim.dir/home/udo/work/z80pack/z80core/simz80-cb.c.obj
 .text.op_tb2a  0x000000001000c108       0x2c CMakeFiles/picosim.dir/home/udo/work/z80pack/z80core/simz80-cb.c.obj
 .text.op_tb3a  0x000000001000c134       0x2c CMakeFiles/picosim.dir/home/udo/work/z80pack/z80core/simz80-cb.c.obj
 .text.op_tb4a  0x000000001000c160       0x2c CMakeFiles/picosim.dir/home/udo/work/z80pack/z80core/simz80-cb.c.obj
 .text.op_tb5a  0x000000001000c18c       0x2c CMakeFiles/picosim.dir/home/udo/work/z80pack/z80core/simz80-cb.c.obj
 .text.op_tb6a  0x000000001000c1b8       0x2c CMakeFiles/picosim.dir/home/udo/work/z80pack/z80core/simz80-cb.c.obj
 .text.op_tb7a  0x000000001000c1e4       0x2c CMakeFiles/picosim.dir/home/udo/work/z80pack/z80core/simz80-cb.c.obj
 .text.op_tb0b  0x000000001000c210       0x2c CMakeFiles/picosim.dir/home/udo/work/z80pack/z80core/simz80-cb.c.obj
 .text.op_tb1b  0x000000001000c23c       0x2c CMakeFiles/picosim.dir/home/udo/work/z80pack/z80core/simz80-cb.c.obj
 .text.op_tb2b  0x000000001000c268       0x2c CMakeFiles/picosim.dir/home/udo/work/z80pack/z80core/simz80-cb.c.obj
 .text.op_tb3b  0x000000001000c294       0x2c CMakeFiles/picosim.dir/home/udo/work/z80pack/z80core/simz80-cb.c.obj
 .text.op_tb4b  0x000000001000c2c0       0x2c CMakeFiles/picosim.dir/home/udo/work/z80pack/z80core/simz80-cb.c.obj
 .text.op_tb5b  0x000000001000c2ec       0x2c CMakeFiles/picosim.dir/home/udo/work/z80pack/z80core/simz80-cb.c.obj
 .text.op_tb6b  0x000000001000c318       0x2c CMakeFiles/picosim.dir/home/udo/work/z80pack/z80core/simz80-cb.c.obj
 .text.op_tb7b  0x000000001000c344       0x2c CMakeFiles/picosim.dir/home/udo/work/z80pack/z80core/simz80-cb.c.obj
 .text.op_tb0c  0x000000001000c370       0x2c CMakeFiles/picosim.dir/home/udo/work/z80pack/z80core/simz80-cb.c.obj
 .text.op_tb1c  0x000000001000c39c       0x2c CMakeFiles/picosim.dir/home/udo/work/z80pack/z80core/simz80-cb.c.obj
 .text.op_tb2c  0x000000001000c3c8       0x2c CMakeFiles/picosim.dir/home/udo/work/z80pack/z80core/simz80-cb.c.obj
 .text.op_tb3c  0x000000001000c3f4       0x2c CMakeFiles/picosim.dir/home/udo/work/z80pack/z80core/simz80-cb.c.obj
 .text.op_tb4c  0x000000001000c420       0x2c CMakeFiles/picosim.dir/home/udo/work/z80pack/z80core/simz80-cb.c.obj
 .text.op_tb5c  0x000000001000c44c       0x2c CMakeFiles/picosim.dir/home/udo/work/z80pack/z80core/simz80-cb.c.obj
 .text.op_tb6c  0x000000001000c478       0x2c CMakeFiles/picosim.dir/home/udo/work/z80pack/z80core/simz80-cb.c.obj
 .text.op_tb7c  0x000000001000c4a4       0x2c CMakeFiles/picosim.dir/home/udo/work/z80pack/z80core/simz80-cb.c.obj
 .text.op_tb0d  0x000000001000c4d0       0x2c CMakeFiles/picosim.dir/home/udo/work/z80pack/z80core/simz80-cb.c.obj
 .text.op_tb1d  0x000000001000c4fc       0x2c CMakeFiles/picosim.dir/home/udo/work/z80pack/z80core/simz80-cb.c.obj
 .text.op_tb2d  0x000000001000c528       0x2c CMakeFiles/picosim.dir/home/udo/work/z80pack/z80core/simz80-cb.c.obj
 .text.op_tb3d  0x000000001000c554       0x2c CMakeFiles/picosim.dir/home/udo/work/z80pack/z80core/simz80-cb.c.obj
 .text.op_tb4d  0x000000001000c580       0x2c CMakeFiles/picosim.dir/home/udo/work/z80pack/z80core/simz80-cb.c.obj
 .text.op_tb5d  0x000000001000c5ac       0x2c CMakeFiles/picosim.dir/home/udo/work/z80pack/z80core/simz80-cb.c.obj
 .text.op_tb6d  0x000000001000c5d8       0x2c CMakeFiles/picosim.dir/home/udo/work/z80pack/z80core/simz80-cb.c.obj
 .text.op_tb7d  0x000000001000c604       0x2c CMakeFiles/picosim.dir/home/udo/work/z80pack/z80core/simz80-cb.c.obj
 .text.op_tb0e  0x000000001000c630       0x2c CMakeFiles/picosim.dir/home/udo/work/z80pack/z80core/simz80-cb.c.obj
 .text.op_tb1e  0x000000001000c65c       0x2c CMakeFiles/picosim.dir/home/udo/work/z80pack/z80core/simz80-cb.c.obj
 .text.op_tb2e  0x000000001000c688       0x2c CMakeFiles/picosim.dir/home/udo/work/z80pack/z80core/simz80-cb.c.obj
 .text.op_tb3e  0x000000001000c6b4       0x2c CMakeFiles/picosim.dir/home/udo/work/z80pack/z80core/simz80-cb.c.obj
 .text.op_tb4e  0x000000001000c6e0       0x2c CMakeFiles/picosim.dir/home/udo/work/z80pack/z80core/simz80-cb.c.obj
 .text.op_tb5e  0x000000001000c70c       0x2c CMakeFiles/picosim.dir/home/udo/work/z80pack/z80core/simz80-cb.c.obj
 .text.op_tb6e  0x000000001000c738       0x2c CMakeFiles/picosim.dir/home/udo/work/z80pack/z80core/simz80-cb.c.obj
 .text.op_tb7e  0x000000001000c764       0x2c CMakeFiles/picosim.dir/home/udo/work/z80pack/z80core/simz80-cb.c.obj
 .text.op_tb0h  0x000000001000c790       0x2c CMakeFiles/picosim.dir/home/udo/work/z80pack/z80core/simz80-cb.c.obj
 .text.op_tb1h  0x000000001000c7bc       0x2c CMakeFiles/picosim.dir/home/udo/work/z80pack/z80core/simz80-cb.c.obj
 .text.op_tb2h  0x000000001000c7e8       0x2c CMakeFiles/picosim.dir/home/udo/work/z80pack/z80core/simz80-cb.c.obj
 .text.op_tb3h  0x000000001000c814       0x2c CMakeFiles/picosim.dir/home/udo/work/z80pack/z80core/simz80-cb.c.obj
 .text.op_tb4h  0x000000001000c840       0x2c CMakeFiles/picosim.dir/home/udo/work/z80pack/z80core/simz80-cb.c.obj
 .text.op_tb5h  0x000000001000c86c       0x2c CMakeFiles/picosim.dir/home/udo/work/z80pack/z80core/simz80-cb.c.obj
 .text.op_tb6h  0x000000001000c898       0x2c CMakeFiles/picosim.dir/home/udo/work/z80pack/z80core/simz80-cb.c.obj
 .text.op_tb7h  0x000000001000c8c4       0x2c CMakeFiles/picosim.dir/home/udo/work/z80pack/z80core/simz80-cb.c.obj
 .text.op_tb0l  0x000000001000c8f0       0x2c CMakeFiles/picosim.dir/home/udo/work/z80pack/z80core/simz80-cb.c.obj
 .text.op_tb1l  0x000000001000c91c       0x2c CMakeFiles/picosim.dir/home/udo/work/z80pack/z80core/simz80-cb.c.obj
 .text.op_tb2l  0x000000001000c948       0x2c CMakeFiles/picosim.dir/home/udo/work/z80pack/z80core/simz80-cb.c.obj
 .text.op_tb3l  0x000000001000c974       0x2c CMakeFiles/picosim.dir/home/udo/work/z80pack/z80core/simz80-cb.c.obj
 .text.op_tb4l  0x000000001000c9a0       0x2c CMakeFiles/picosim.dir/home/udo/work/z80pack/z80core/simz80-cb.c.obj
 .text.op_tb5l  0x000000001000c9cc       0x2c CMakeFiles/picosim.dir/home/udo/work/z80pack/z80core/simz80-cb.c.obj
 .text.op_tb6l  0x000000001000c9f8       0x2c CMakeFiles/picosim.dir/home/udo/work/z80pack/z80core/simz80-cb.c.obj
 .text.op_tb7l  0x000000001000ca24       0x2c CMakeFiles/picosim.dir/home/udo/work/z80pack/z80core/simz80-cb.c.obj
 .text.op_tb0hl
                0x000000001000ca50       0x44 CMakeFiles/picosim.dir/home/udo/work/z80pack/z80core/simz80-cb.c.obj
 .text.op_tb1hl
                0x000000001000ca94       0x44 CMakeFiles/picosim.dir/home/udo/work/z80pack/z80core/simz80-cb.c.obj
 .text.op_tb2hl
                0x000000001000cad8       0x44 CMakeFiles/picosim.dir/home/udo/work/z80pack/z80core/simz80-cb.c.obj
 .text.op_tb3hl
                0x000000001000cb1c       0x44 CMakeFiles/picosim.dir/home/udo/work/z80pack/z80core/simz80-cb.c.obj
 .text.op_tb4hl
                0x000000001000cb60       0x44 CMakeFiles/picosim.dir/home/udo/work/z80pack/z80core/simz80-cb.c.obj
 .text.op_tb5hl
                0x000000001000cba4       0x44 CMakeFiles/picosim.dir/home/udo/work/z80pack/z80core/simz80-cb.c.obj
 .text.op_tb6hl
                0x000000001000cbe8       0x44 CMakeFiles/picosim.dir/home/udo/work/z80pack/z80core/simz80-cb.c.obj
 .text.op_tb7hl
                0x000000001000cc2c       0x44 CMakeFiles/picosim.dir/home/udo/work/z80pack/z80core/simz80-cb.c.obj
 .text.op_srlhl
                0x000000001000cc70       0x78 CMakeFiles/picosim.dir/home/udo/work/z80pack/z80core/simz80-cb.c.obj
 .text.op_undoc_sllh
                0x000000001000cce8       0x9c CMakeFiles/picosim.dir/home/udo/work/z80pack/z80core/simz80-cb.c.obj
 .text.op_undoc_sllhl
                0x000000001000cd84       0xa8 CMakeFiles/picosim.dir/home/udo/work/z80pack/z80core/simz80-cb.c.obj
 .text.op_undoc_slll
                0x000000001000ce2c       0x9c CMakeFiles/picosim.dir/home/udo/work/z80pack/z80core/simz80-cb.c.obj
 .text.op_undoc_sllb
                0x000000001000cec8       0x9c CMakeFiles/picosim.dir/home/udo/work/z80pack/z80core/simz80-cb.c.obj
 .text.op_undoc_sllc
                0x000000001000cf64       0x9c CMakeFiles/picosim.dir/home/udo/work/z80pack/z80core/simz80-cb.c.obj
 .text.op_undoc_slld
                0x000000001000d000       0x9c CMakeFiles/picosim.dir/home/udo/work/z80pack/z80core/simz80-cb.c.obj
 .text.op_undoc_slle